Component: ARM Compiler 5.06 update 6 (build 750) Tool: armlink [4d35ed]

==============================================================================

Section Cross References

    startup_stm32f407xx.o(STACK) refers (Special) to heapauxi.o(.text) for __use_two_region_memory
    startup_stm32f407xx.o(HEAP) refers (Special) to heapauxi.o(.text) for __use_two_region_memory
    startup_stm32f407xx.o(RESET) refers (Special) to heapauxi.o(.text) for __use_two_region_memory
    startup_stm32f407xx.o(RESET) refers to startup_stm32f407xx.o(STACK) for __initial_sp
    startup_stm32f407xx.o(RESET) refers to startup_stm32f407xx.o(.text) for Reset_Handler
    startup_stm32f407xx.o(RESET) refers to stm32f4xx_it.o(i.NMI_Handler) for NMI_Handler
    startup_stm32f407xx.o(RESET) refers to stm32f4xx_it.o(i.HardFault_Handler) for HardFault_Handler
    startup_stm32f407xx.o(RESET) refers to stm32f4xx_it.o(i.MemManage_Handler) for MemManage_Handler
    startup_stm32f407xx.o(RESET) refers to stm32f4xx_it.o(i.BusFault_Handler) for BusFault_Handler
    startup_stm32f407xx.o(RESET) refers to stm32f4xx_it.o(i.UsageFault_Handler) for UsageFault_Handler
    startup_stm32f407xx.o(RESET) refers to port.o(.emb_text) for SVC_Handler
    startup_stm32f407xx.o(RESET) refers to stm32f4xx_it.o(i.DebugMon_Handler) for DebugMon_Handler
    startup_stm32f407xx.o(RESET) refers to stm32f4xx_it.o(i.SysTick_Handler) for SysTick_Handler
    startup_stm32f407xx.o(.text) refers (Special) to heapauxi.o(.text) for __use_two_region_memory
    startup_stm32f407xx.o(.text) refers to system_stm32f4xx.o(i.SystemInit) for SystemInit
    startup_stm32f407xx.o(.text) refers to __main.o(!!!main) for __main
    startup_stm32f407xx.o(.text) refers to startup_stm32f407xx.o(HEAP) for Heap_Mem
    startup_stm32f407xx.o(.text) refers to startup_stm32f407xx.o(STACK) for Stack_Mem
    main.o(i.MX_ADC1_Init) refers to stm32f4xx_hal_adc.o(i.HAL_ADC_Init) for HAL_ADC_Init
    main.o(i.MX_ADC1_Init) refers to stm32f4xx_hal_adc.o(i.HAL_ADC_ConfigChannel) for HAL_ADC_ConfigChannel
    main.o(i.MX_ADC1_Init) refers to main.o(.bss) for .bss
    main.o(i.MX_GPIO_Init) refers to rt_memclr_w.o(.text) for __aeabi_memclr4
    main.o(i.MX_GPIO_Init) refers to stm32f4xx_hal_gpio.o(i.HAL_GPIO_WritePin) for HAL_GPIO_WritePin
    main.o(i.MX_GPIO_Init) refers to stm32f4xx_hal_gpio.o(i.HAL_GPIO_Init) for HAL_GPIO_Init
    main.o(i.StartDefaultTask) refers to cmsis_os.o(i.osDelay) for osDelay
    main.o(i.SystemClock_Config) refers to rt_memclr_w.o(.text) for __aeabi_memclr4
    main.o(i.SystemClock_Config) refers to stm32f4xx_hal_rcc.o(i.HAL_RCC_OscConfig) for HAL_RCC_OscConfig
    main.o(i.SystemClock_Config) refers to stm32f4xx_hal_rcc.o(i.HAL_RCC_ClockConfig) for HAL_RCC_ClockConfig
    main.o(i.main) refers to stm32f4xx_hal.o(i.HAL_Init) for HAL_Init
    main.o(i.main) refers to main.o(i.SystemClock_Config) for SystemClock_Config
    main.o(i.main) refers to main.o(i.MX_GPIO_Init) for MX_GPIO_Init
    main.o(i.main) refers to main.o(i.MX_ADC1_Init) for MX_ADC1_Init
    main.o(i.main) refers to stm32f4xx_hal_i2c.o(i.HAL_I2C_Init) for HAL_I2C_Init
    main.o(i.main) refers to clcd_i2c.o(i.CLCD_I2C_Init) for CLCD_I2C_Init
    main.o(i.main) refers to rt_memcpy_w.o(.text) for __aeabi_memcpy4
    main.o(i.main) refers to cmsis_os.o(i.osThreadCreate) for osThreadCreate
    main.o(i.main) refers to tasks.o(i.xTaskCreate) for xTaskCreate
    main.o(i.main) refers to cmsis_os.o(i.osKernelStart) for osKernelStart
    main.o(i.main) refers to main.o(.bss) for .bss
    main.o(i.main) refers to main.o(.constdata) for .constdata
    main.o(i.main) refers to main.o(.data) for .data
    main.o(i.main) refers to main.o(i.vTaskReadSensor) for vTaskReadSensor
    main.o(i.main) refers to main.o(i.vTaskPumpControl) for vTaskPumpControl
    main.o(i.vTaskPumpControl) refers to stm32f4xx_hal_gpio.o(i.HAL_GPIO_WritePin) for HAL_GPIO_WritePin
    main.o(i.vTaskPumpControl) refers to clcd_i2c.o(i.CLCD_I2C_SetCursor) for CLCD_I2C_SetCursor
    main.o(i.vTaskPumpControl) refers to clcd_i2c.o(i.CLCD_I2C_WriteString) for CLCD_I2C_WriteString
    main.o(i.vTaskPumpControl) refers to tasks.o(i.vTaskDelay) for vTaskDelay
    main.o(i.vTaskPumpControl) refers to main.o(.data) for .data
    main.o(i.vTaskPumpControl) refers to main.o(.bss) for .bss
    main.o(i.vTaskReadSensor) refers to _printf_percent.o(.ARM.Collect$$_printf_percent$$00000000) for _printf_percent
    main.o(i.vTaskReadSensor) refers to _printf_f.o(.ARM.Collect$$_printf_percent$$00000003) for _printf_f
    main.o(i.vTaskReadSensor) refers to printf1.o(x$fpl$printf1) for _printf_fp_dec
    main.o(i.vTaskReadSensor) refers to stm32f4xx_hal_adc.o(i.HAL_ADC_Start) for HAL_ADC_Start
    main.o(i.vTaskReadSensor) refers to stm32f4xx_hal_adc.o(i.HAL_ADC_PollForConversion) for HAL_ADC_PollForConversion
    main.o(i.vTaskReadSensor) refers to stm32f4xx_hal_adc.o(i.HAL_ADC_GetValue) for HAL_ADC_GetValue
[...]
    .ARM.Collect$$libinit$$0000001B          0x0800021c   Section        0  libinit2.o(.ARM.Collect$$libinit$$0000001B)
    .ARM.Collect$$libinit$$0000001D          0x0800021c   Section        0  libinit2.o(.ARM.Collect$$libinit$$0000001D)
    .ARM.Collect$$libinit$$0000001F          0x0800021c   Section        0  libinit2.o(.ARM.Collect$$libinit$$0000001F)
    .ARM.Collect$$libinit$$00000021          0x0800021c   Section        0  libinit2.o(.ARM.Collect$$libinit$$00000021)
    .ARM.Collect$$libinit$$00000023          0x0800021c   Section        0  libinit2.o(.ARM.Collect$$libinit$$00000023)
    .ARM.Collect$$libinit$$00000025          0x0800021c   Section        0  libinit2.o(.ARM.Collect$$libinit$$00000025)
    .ARM.Collect$$libinit$$0000002C          0x0800021c   Section        0  libinit2.o(.ARM.Collect$$libinit$$0000002C)
    .ARM.Collect$$libinit$$0000002E          0x0800021c   Section        0  libinit2.o(.ARM.Collect$$libinit$$0000002E)
    .ARM.Collect$$libinit$$00000030          0x0800021c   Section        0  libinit2.o(.ARM.Collect$$libinit$$00000030)
    .ARM.Collect$$libinit$$00000032          0x0800021c   Section        0  libinit2.o(.ARM.Collect$$libinit$$00000032)
    .ARM.Collect$$libinit$$00000033          0x0800021c   Section        2  libinit2.o(.ARM.Collect$$libinit$$00000033)
    .ARM.Collect$$libshutdown$$00000000      0x0800021e   Section        2  libshutdown.o(.ARM.Collect$$libshutdown$$00000000)
    .ARM.Collect$$libshutdown$$00000002      0x08000220   Section        0  libshutdown2.o(.ARM.Collect$$libshutdown$$00000002)
    .ARM.Collect$$libshutdown$$00000004      0x08000220   Section        0  libshutdown2.o(.ARM.Collect$$libshutdown$$00000004)
    .ARM.Collect$$libshutdown$$00000007      0x08000220   Section        0  libshutdown2.o(.ARM.Collect$$libshutdown$$00000007)
    .ARM.Collect$$libshutdown$$0000000A      0x08000220   Section        0  libshutdown2.o(.ARM.Collect$$libshutdown$$0000000A)
    .ARM.Collect$$libshutdown$$0000000C      0x08000220   Section        0  libshutdown2.o(.ARM.Collect$$libshutdown$$0000000C)
    .ARM.Collect$$libshutdown$$0000000F      0x08000220   Section        0  libshutdown2.o(.ARM.Collect$$libshutdown$$0000000F)
    .ARM.Collect$$libshutdown$$00000010      0x08000220   Section        2  libshutdown2.o(.ARM.Collect$$libshutdown$$00000010)
    .ARM.Collect$$rtentry$$00000000          0x08000222   Section        0  __rtentry.o(.ARM.Collect$$rtentry$$00000000)
    .ARM.Collect$$rtentry$$00000002          0x08000222   Section        0  __rtentry2.o(.ARM.Collect$$rtentry$$00000002)
    .ARM.Collect$$rtentry$$00000004          0x08000222   Section        6  __rtentry4.o(.ARM.Collect$$rtentry$$00000004)
    .ARM.Collect$$rtentry$$00000009          0x08000228   Section        0  __rtentry2.o(.ARM.Collect$$rtentry$$00000009)
    .ARM.Collect$$rtentry$$0000000A          0x08000228   Section        4  __rtentry2.o(.ARM.Collect$$rtentry$$0000000A)
    .ARM.Collect$$rtentry$$0000000C          0x0800022c   Section        0  __rtentry2.o(.ARM.Collect$$rtentry$$0000000C)
    .ARM.Collect$$rtentry$$0000000D          0x0800022c   Section        8  __rtentry2.o(.ARM.Collect$$rtentry$$0000000D)
    .ARM.Collect$$rtexit$$00000000           0x08000234   Section        2  rtexit.o(.ARM.Collect$$rtexit$$00000000)
    .ARM.Collect$$rtexit$$00000002           0x08000236   Section        0  rtexit2.o(.ARM.Collect$$rtexit$$00000002)
    .ARM.Collect$$rtexit$$00000003           0x08000236   Section        4  rtexit2.o(.ARM.Collect$$rtexit$$00000003)
    .ARM.Collect$$rtexit$$00000004           0x0800023a   Section        6  rtexit2.o(.ARM.Collect$$rtexit$$00000004)
    .emb_text                                0x08000240   Section      190  port.o(.emb_text)
    $v0                                      0x08000240   Number         0  port.o(.emb_text)
    .text                                    0x08000300   Section       64  startup_stm32f407xx.o(.text)
    $v0                                      0x08000300   Number         0  startup_stm32f407xx.o(.text)
    .text                                    0x08000340   Section      238  lludivv7m.o(.text)
    .text                                    0x08000430   Section        0  noretval__2sprintf.o(.text)
    .text                                    0x08000458   Section        0  __printf_wp.o(.text)
    .text                                    0x08000566   Section      100  rt_memcpy_w.o(.text)
    .text                                    0x080005ca   Section       78  rt_memclr_w.o(.text)
    .text                                    0x08000618   Section        0  heapauxi.o(.text)
    .text                                    0x0800061e   Section        0  _printf_fp_dec.o(.text)
    _fp_digits                               0x08000621   Thumb Code   432  _printf_fp_dec.o(.text)
    .text                                    0x08000a3c   Section        0  _printf_char_common.o(.text)
    _printf_input_char                       0x08000a3d   Thumb Code    10  _printf_char_common.o(.text)
    .text                                    0x08000a6c   Section        0  _sputc.o(.text)
    .text                                    0x08000a78   Section        8  rt_locale_intlibspace.o(.text)
    .text                                    0x08000a80   Section      138  lludiv10.o(.text)
    .text                                    0x08000b0c   Section        0  _printf_fp_infnan.o(.text)
    .text                                    0x08000b8c   Section        0  bigflt0.o(.text)
    .text                                    0x08000c70   Section        8  libspace.o(.text)
    .text                                    0x08000c78   Section       74  sys_stackheap_outer.o(.text)
    .text                                    0x08000cc2   Section        0  exit.o(.text)
    .text                                    0x08000cd4   Section      128  strcmpv7m.o(.text)
    .text                                    0x08000d54   Section        0  sys_exit.o(.text)
    .text                                    0x08000d60   Section        2  use_no_semi.o(.text)
    .text                                    0x08000d62   Section        0  indicate_semi.o(.text)
    CL$$btod_d2e                             0x08000d62   Section       62  btod.o(CL$$btod_d2e)
    CL$$btod_d2e_denorm_low                  0x08000da0   Section       70  btod.o(CL$$btod_d2e_denorm_low)
    CL$$btod_d2e_norm_op1                    0x08000de6   Section       96  btod.o(CL$$btod_d2e_norm_op1)
    CL$$btod_div_common                      0x08000e46   Section      824  btod.o(CL$$btod_div_common)
    CL$$btod_e2e                             0x0800117e   Section      220  btod.o(CL$$btod_e2e)
    CL$$btod_ediv                            0x0800125a   Section       42  btod.o(CL$$btod_ediv)
    CL$$btod_emul                            0x08001284   Section       42  btod.o(CL$$btod_emul)
    CL$$btod_mult_common                     0x080012ae   Section      580  btod.o(CL$$btod_mult_common)
    i.ADC_Init                               0x080014f4   Section        0  stm32f4xx_hal_adc.o(i.ADC_Init)
    ADC_Init                                 0x080014f5   Thumb Code   284  stm32f4xx_hal_adc.o(i.ADC_Init)
    i.BusFault_Handler                       0x0800161c   Section        0  stm32f4xx_it.o(i.BusFault_Handler)
    i.CLCD_I2C_Init                          0x0800161e   Section        0  clcd_i2c.o(i.CLCD_I2C_Init)
    i.CLCD_I2C_SetCursor                     0x080016c0   Section        0  clcd_i2c.o(i.CLCD_I2C_SetCursor)
    i.CLCD_I2C_WriteChar                     0x08001704   Section        0  clcd_i2c.o(i.CLCD_I2C_WriteChar)
    i.CLCD_I2C_WriteString                   0x0800170a   Section        0  clcd_i2c.o(i.CLCD_I2C_WriteString)
    i.CLCD_WriteI2C                          0x08001722   Section        0  clcd_i2c.o(i.CLCD_WriteI2C)
    CLCD_WriteI2C                            0x08001723   Thumb Code   106  clcd_i2c.o(i.CLCD_WriteI2C)
    i.DebugMon_Handler                       0x0800178c   Section        0  stm32f4xx_it.o(i.DebugMon_Handler)
    i.HAL_ADC_ConfigChannel                  0x08001790   Section        0  stm32f4xx_hal_adc.o(i.HAL_ADC_ConfigChannel)
    i.HAL_ADC_GetValue                       0x080018dc   Section        0  stm32f4xx_hal_adc.o(i.HAL_ADC_GetValue)
    i.HAL_ADC_Init                           0x080018e2   Section        0  stm32f4xx_hal_adc.o(i.HAL_ADC_Init)
    i.HAL_ADC_MspInit                        0x08001938   Section        0  stm32f4xx_hal_msp.o(i.HAL_ADC_MspInit)
    i.HAL_ADC_PollForConversion              0x08001998   Section        0  stm32f4xx_hal_adc.o(i.HAL_ADC_PollForConversion)
    i.HAL_ADC_Start                          0x08001a44   Section        0  stm32f4xx_hal_adc.o(i.HAL_ADC_Start)
    i.HAL_Delay                              0x08001b40   Section        0  stm32f4xx_hal.o(i.HAL_Delay)
    i.HAL_GPIO_Init                          0x08001b64   Section        0  stm32f4xx_hal_gpio.o(i.HAL_GPIO_Init)
    i.HAL_GPIO_WritePin                      0x08001d54   Section        0  stm32f4xx_hal_gpio.o(i.HAL_GPIO_WritePin)
    i.HAL_GetTick                            0x08001d60   Section        0  stm32f4xx_hal.o(i.HAL_GetTick)
    i.HAL_I2C_Init                           0x08001d6c   Section        0  stm32f4xx_hal_i2c.o(i.HAL_I2C_Init)
    i.HAL_I2C_Master_Transmit                0x08001ef4   Section        0  stm32f4xx_hal_i2c.o(i.HAL_I2C_Master_Transmit)
    i.HAL_I2C_MspInit                        0x08002020   Section        0  stm32f4xx_hal_msp.o(i.HAL_I2C_MspInit)
    i.HAL_IncTick                            0x08002088   Section        0  stm32f4xx_hal.o(i.HAL_IncTick)
    i.HAL_Init                               0x08002098   Section        0  stm32f4xx_hal.o(i.HAL_Init)
    i.HAL_InitTick                           0x080020cc   Section        0  stm32f4xx_hal.o(i.HAL_InitTick)
    i.HAL_MspInit                            0x0800210c   Section        0  stm32f4xx_hal_msp.o(i.HAL_MspInit)
    i.HAL_NVIC_SetPriority                   0x08002144   Section        0  stm32f4xx_hal_cortex.o(i.HAL_NVIC_SetPriority)
    i.HAL_NVIC_SetPriorityGrouping           0x08002184   Section        0  stm32f4xx_hal_cortex.o(i.HAL_NVIC_SetPriorityGrouping)
    i.HAL_RCC_ClockConfig                    0x080021a8   Section        0  stm32f4xx_hal_rcc.o(i.HAL_RCC_ClockConfig)
    i.HAL_RCC_GetPCLK1Freq                   0x080022dc   Section        0  stm32f4xx_hal_rcc.o(i.HAL_RCC_GetPCLK1Freq)
    i.HAL_RCC_GetSysClockFreq                0x080022fc   Section        0  stm32f4xx_hal_rcc.o(i.HAL_RCC_GetSysClockFreq)
    i.HAL_RCC_OscConfig                      0x0800235c   Section        0  stm32f4xx_hal_rcc.o(i.HAL_RCC_OscConfig)
    i.HAL_SYSTICK_Config                     0x080026c8   Section        0  stm32f4xx_hal_cortex.o(i.HAL_SYSTICK_Config)
    i.HardFault_Handler                      0x080026f0   Section        0  stm32f4xx_it.o(i.HardFault_Handler)
    i.I2C_IsAcknowledgeFailed                0x080026f2   Section        0  stm32f4xx_hal_i2c.o(i.I2C_IsAcknowledgeFailed)
    I2C_IsAcknowledgeFailed                  0x080026f3   Thumb Code    46  stm32f4xx_hal_i2c.o(i.I2C_IsAcknowledgeFailed)
    i.I2C_MasterRequestWrite                 0x08002720   Section        0  stm32f4xx_hal_i2c.o(i.I2C_MasterRequestWrite)
    I2C_MasterRequestWrite                   0x08002721   Thumb Code   150  stm32f4xx_hal_i2c.o(i.I2C_MasterRequestWrite)
    i.I2C_WaitOnBTFFlagUntilTimeout          0x080027bc   Section        0  stm32f4xx_hal_i2c.o(i.I2C_WaitOnBTFFlagUntilTimeout)
    I2C_WaitOnBTFFlagUntilTimeout            0x080027bd   Thumb Code    76  stm32f4xx_hal_i2c.o(i.I2C_WaitOnBTFFlagUntilTimeout)
    i.I2C_WaitOnFlagUntilTimeout             0x08002808   Section        0  stm32f4xx_hal_i2c.o(i.I2C_WaitOnFlagUntilTimeout)
    I2C_WaitOnFlagUntilTimeout               0x08002809   Thumb Code   104  stm32f4xx_hal_i2c.o(i.I2C_WaitOnFlagUntilTimeout)
    i.I2C_WaitOnMasterAddressFlagUntilTimeout 0x08002870   Section        0  stm32f4xx_hal_i2c.o(i.I2C_WaitOnMasterAddressFlagUntilTimeout)
    I2C_WaitOnMasterAddressFlagUntilTimeout  0x08002871   Thumb Code   150  stm32f4xx_hal_i2c.o(i.I2C_WaitOnMasterAddressFlagUntilTimeout)
    i.I2C_WaitOnTXEFlagUntilTimeout          0x08002906   Section        0  stm32f4xx_hal_i2c.o(i.I2C_WaitOnTXEFlagUntilTimeout)
    I2C_WaitOnTXEFlagUntilTimeout            0x08002907   Thumb Code    76  stm32f4xx_hal_i2c.o(i.I2C_WaitOnTXEFlagUntilTimeout)
    i.MX_ADC1_Init                           0x08002954   Section        0  main.o(i.MX_ADC1_Init)
    MX_ADC1_Init                             0x08002955   Thumb Code    86  main.o(i.MX_ADC1_Init)
    i.MX_GPIO_Init                           0x080029b8   Section        0  main.o(i.MX_GPIO_Init)
    MX_GPIO_Init                             0x080029b9   Thumb Code   116  main.o(i.MX_GPIO_Init)
    i.MemManage_Handler                      0x08002a38   Section        0  stm32f4xx_it.o(i.MemManage_Handler)
    i.NMI_Handler                            0x08002a3a   Section        0  stm32f4xx_it.o(i.NMI_Handler)
    i.StartDefaultTask                       0x08002a3c   Section        0  main.o(i.StartDefaultTask)
    i.SysTick_Handler                        0x08002a44   Section        0  stm32f4xx_it.o(i.SysTick_Handler)
    i.SystemClock_Config                     0x08002a5c   Section        0  main.o(i.SystemClock_Config)
    i.SystemInit                             0x08002af0   Section        0  system_stm32f4xx.o(i.SystemInit)
    i.UsageFault_Handler                     0x08002b00   Section        0  stm32f4xx_it.o(i.UsageFault_Handler)
    i.__ARM_fpclassify                       0x08002b02   Section        0  fpclassify.o(i.__ARM_fpclassify)
    i.__NVIC_SetPriority                     0x08002b32   Section        0  stm32f4xx_hal_cortex.o(i.__NVIC_SetPriority)
    __NVIC_SetPriority                       0x08002b33   Thumb Code    32  stm32f4xx_hal_cortex.o(i.__NVIC_SetPriority)
    i._is_digit                              0x08002b52   Section        0  __printf_wp.o(i._is_digit)
    i.main                                   0x08002b60   Section        0  main.o(i.main)
    i.makeFreeRtosPriority                   0x08002c2c   Section        0  cmsis_os.o(i.makeFreeRtosPriority)
    makeFreeRtosPriority                     0x08002c2d   Thumb Code    12  cmsis_os.o(i.makeFreeRtosPriority)
    i.osDelay                                0x08002c38   Section        0  cmsis_os.o(i.osDelay)
    i.osKernelStart                          0x08002c46   Section        0  cmsis_os.o(i.osKernelStart)
    i.osThreadCreate                         0x08002c50   Section        0  cmsis_os.o(i.osThreadCreate)
    i.prvAddCurrentTaskToDelayedList         0x08002ca4   Section        0  tasks.o(i.prvAddCurrentTaskToDelayedList)
    prvAddCurrentTaskToDelayedList           0x08002ca5   Thumb Code   102  tasks.o(i.prvAddCurrentTaskToDelayedList)
    i.prvAddNewTaskToReadyList               0x08002d14   Section        0  tasks.o(i.prvAddNewTaskToReadyList)
    prvAddNewTaskToReadyList                 0x08002d15   Thumb Code   194  tasks.o(i.prvAddNewTaskToReadyList)
    i.prvDeleteTCB                           0x08002de4   Section        0  tasks.o(i.prvDeleteTCB)
    prvDeleteTCB                             0x08002de5   Thumb Code    52  tasks.o(i.prvDeleteTCB)
    i.prvHeapInit                            0x08002e18   Section        0  heap_4.o(i.prvHeapInit)
    prvHeapInit                              0x08002e19   Thumb Code    66  heap_4.o(i.prvHeapInit)
    i.prvIdleTask                            0x08002e64   Section        0  tasks.o(i.prvIdleTask)
    prvIdleTask                              0x08002e65   Thumb Code    82  tasks.o(i.prvIdleTask)
    i.prvInitialiseNewTask                   0x08002ec4   Section        0  tasks.o(i.prvInitialiseNewTask)
    prvInitialiseNewTask                     0x08002ec5   Thumb Code   152  tasks.o(i.prvInitialiseNewTask)
    i.prvInsertBlockIntoFreeList             0x08002f5c   Section        0  heap_4.o(i.prvInsertBlockIntoFreeList)
    prvInsertBlockIntoFreeList               0x08002f5d   Thumb Code    72  heap_4.o(i.prvInsertBlockIntoFreeList)
    i.prvResetNextTaskUnblockTime            0x08002fa8   Section        0  tasks.o(i.prvResetNextTaskUnblockTime)
    prvResetNextTaskUnblockTime              0x08002fa9   Thumb Code    26  tasks.o(i.prvResetNextTaskUnblockTime)
    i.prvTaskExitError                       0x08002fc8   Section        0  port.o(i.prvTaskExitError)
    prvTaskExitError                         0x08002fc9   Thumb Code    36  port.o(i.prvTaskExitError)
    i.pvPortMalloc                           0x08002ff0   Section        0  heap_4.o(i.pvPortMalloc)
    i.pxPortInitialiseStack                  0x080030cc   Section        0  port.o(i.pxPortInitialiseStack)
    i.uxListRemove                           0x080030f8   Section        0  list.o(i.uxListRemove)
    i.vApplicationGetIdleTaskMemory          0x08003120   Section        0  freertos.o(i.vApplicationGetIdleTaskMemory)
    i.vListInitialise                        0x08003134   Section        0  list.o(i.vListInitialise)
    i.vListInitialiseItem                    0x0800314a   Section        0  list.o(i.vListInitialiseItem)
    i.vListInsert                            0x08003150   Section        0  list.o(i.vListInsert)
    i.vListInsertEnd                         0x08003180   Section        0  list.o(i.vListInsertEnd)
    i.vPortEnterCritical                     0x08003198   Section        0  port.o(i.vPortEnterCritical)
    i.vPortExitCritical                      0x080031d8   Section        0  port.o(i.vPortExitCritical)
    i.vPortFree                              0x08003200   Section        0  heap_4.o(i.vPortFree)
    i.vPortSetupTimerInterrupt               0x08003264   Section        0  port.o(i.vPortSetupTimerInterrupt)
    i.vTaskDelay                             0x08003288   Section        0  tasks.o(i.vTaskDelay)
    i.vTaskPumpControl                       0x080032d4   Section        0  main.o(i.vTaskPumpControl)
    i.vTaskReadSensor                        0x08003350   Section        0  main.o(i.vTaskReadSensor)
    i.vTaskStartScheduler                    0x08003410   Section        0  tasks.o(i.vTaskStartScheduler)
    i.vTaskSuspendAll                        0x0800347c   Section        0  tasks.o(i.vTaskSuspendAll)
    i.vTaskSwitchContext                     0x0800348c   Section        0  tasks.o(i.vTaskSwitchContext)
    i.xPortStartScheduler                    0x080034e8   Section        0  port.o(i.xPortStartScheduler)
    i.xPortSysTickHandler                    0x080035dc   Section        0  port.o(i.xPortSysTickHandler)
    i.xTaskCreate                            0x08003608   Section        0  tasks.o(i.xTaskCreate)
    i.xTaskCreateStatic                      0x08003662   Section        0  tasks.o(i.xTaskCreateStatic)
    i.xTaskGetSchedulerState                 0x080036b8   Section        0  tasks.o(i.xTaskGetSchedulerState)
    i.xTaskIncrementTick                     0x080036d4   Section        0  tasks.o(i.xTaskIncrementTick)
    i.xTaskResumeAll                         0x080037a0   Section        0  tasks.o(i.xTaskResumeAll)
    locale$$code                             0x08003864   Section       44  lc_numeric_c.o(locale$$code)
    x$fpl$d2f                                0x08003890   Section       98  d2f.o(x$fpl$d2f)
    $v0                                      0x08003890   Number         0  d2f.o(x$fpl$d2f)
    x$fpl$dadd                               0x080038f4   Section      336  daddsub_clz.o(x$fpl$dadd)
    $v0                                      0x080038f4   Number         0  daddsub_clz.o(x$fpl$dadd)
    _dadd1                                   0x08003905   Thumb Code     0  daddsub_clz.o(x$fpl$dadd)
    x$fpl$ddiv                               0x08003a44   Section      688  ddiv.o(x$fpl$ddiv)
    $v0                                      0x08003a44   Number         0  ddiv.o(x$fpl$ddiv)
    ddiv_entry                               0x08003a4b   Thumb Code     0  ddiv.o(x$fpl$ddiv)
    x$fpl$dmul                               0x08003cf4   Section      340  dmul.o(x$fpl$dmul)
    $v0                                      0x08003cf4   Number         0  dmul.o(x$fpl$dmul)
    x$fpl$dnaninf                            0x08003e48   Section      156  dnaninf.o(x$fpl$dnaninf)
    $v0                                      0x08003e48   Number         0  dnaninf.o(x$fpl$dnaninf)
    x$fpl$dretinf                            0x08003ee4   Section       12  dretinf.o(x$fpl$dretinf)
    $v0                                      0x08003ee4   Number         0  dretinf.o(x$fpl$dretinf)
    x$fpl$drsb                               0x08003ef0   Section       22  daddsub_clz.o(x$fpl$drsb)
    $v0                                      0x08003ef0   Number         0  daddsub_clz.o(x$fpl$drsb)
    x$fpl$dsub                               0x08003f08   Section      468  daddsub_clz.o(x$fpl$dsub)
    $v0                                      0x08003f08   Number         0  daddsub_clz.o(x$fpl$dsub)
    _dsub1                                   0x08003f19   Thumb Code     0  daddsub_clz.o(x$fpl$dsub)
    x$fpl$f2d                                0x080040dc   Section       86  f2d.o(x$fpl$f2d)
    $v0                                      0x080040dc   Number         0  f2d.o(x$fpl$f2d)
    x$fpl$fnaninf                            0x08004132   Section      140  fnaninf.o(x$fpl$fnaninf)
    $v0                                      0x08004132   Number         0  fnaninf.o(x$fpl$fnaninf)
    x$fpl$fpinit                             0x080041be   Section       10  fpinit.o(x$fpl$fpinit)
    $v0                                      0x080041be   Number         0  fpinit.o(x$fpl$fpinit)
    x$fpl$fretinf                            0x080041c8   Section       10  fretinf.o(x$fpl$fretinf)
    $v0                                      0x080041c8   Number         0  fretinf.o(x$fpl$fretinf)
    x$fpl$printf1                            0x080041d2   Section        4  printf1.o(x$fpl$printf1)
    $v0                                      0x080041d2   Number         0  printf1.o(x$fpl$printf1)
    x$fpl$usenofp                            0x080041d6   Section        0  usenofp.o(x$fpl$usenofp)
    .constdata                               0x080041d8   Section       28  main.o(.constdata)
    .constdata                               0x080041f4   Section       16  system_stm32f4xx.o(.constdata)
    .constdata                               0x08004204   Section        8  system_stm32f4xx.o(.constdata)
    .constdata                               0x0800420c   Section      148  bigflt0.o(.constdata)
    tenpwrs_x                                0x0800420c   Data          60  bigflt0.o(.constdata)
    tenpwrs_i                                0x08004248   Data          64  bigflt0.o(.constdata)
    .conststring                             0x080042a0   Section       12  main.o(.conststring)
    locale$$data                             0x080042cc   Section       28  lc_numeric_c.o(locale$$data)
    __lcnum_c_name                           0x080042d0   Data           2  lc_numeric_c.o(locale$$data)
    __lcnum_c_start                          0x080042d8   Data           0  lc_numeric_c.o(locale$$data)
    __lcnum_c_point                          0x080042e4   Data           0  lc_numeric_c.o(locale$$data)
    __lcnum_c_thousands                      0x080042e6   Data           0  lc_numeric_c.o(locale$$data)
    __lcnum_c_grouping                       0x080042e7   Data           0  lc_numeric_c.o(locale$$data)
    __lcnum_c_end                            0x080042e8   Data           0  lc_numeric_c.o(locale$$data)
    .data                                    0x20000000   Section       12  main.o(.data)
    .data                                    0x2000000c   Section       12  stm32f4xx_hal.o(.data)
    .data                                    0x20000018   Section        4  system_stm32f4xx.o(.data)
    .data                                    0x2000001c   Section       60  tasks.o(.data)
    uxDeletedTasksWaitingCleanUp             0x20000020   Data           4  tasks.o(.data)
    uxCurrentNumberOfTasks                   0x20000024   Data           4  tasks.o(.data)
    xTickCount                               0x20000028   Data           4  tasks.o(.data)
    uxTopReadyPriority                       0x2000002c   Data           4  tasks.o(.data)
    xSchedulerRunning                        0x20000030   Data           4  tasks.o(.data)
    xPendedTicks                             0x20000034   Data           4  tasks.o(.data)
    xYieldPending                            0x20000038   Data           4  tasks.o(.data)
    xNumOfOverflows                          0x2000003c   Data           4  tasks.o(.data)
    uxTaskNumber                             0x20000040   Data           4  tasks.o(.data)
    xNextTaskUnblockTime                     0x20000044   Data           4  tasks.o(.data)
    xIdleTaskHandle                          0x20000048   Data           4  tasks.o(.data)
    uxSchedulerSuspended                     0x2000004c   Data           4  tasks.o(.data)
    pxDelayedTaskList                        0x20000050   Data           4  tasks.o(.data)
    pxOverflowDelayedTaskList                0x20000054   Data           4  tasks.o(.data)
    .data                                    0x20000058   Section       32  heap_4.o(.data)
    pxEnd                                    0x20000058   Data           4  heap_4.o(.data)
    xFreeBytesRemaining                      0x2000005c   Data           4  heap_4.o(.data)
    xMinimumEverFreeBytesRemaining           0x20000060   Data           4  heap_4.o(.data)
    xNumberOfSuccessfulAllocations           0x20000064   Data           4  heap_4.o(.data)
    xNumberOfSuccessfulFrees                 0x20000068   Data           4  heap_4.o(.data)
    xBlockAllocatedBit                       0x2000006c   Data           4  heap_4.o(.data)
    xStart                                   0x20000070   Data           8  heap_4.o(.data)
    .data                                    0x20000078   Section       12  port.o(.data)
    ucMaxSysCallPriority                     0x20000078   Data           1  port.o(.data)
    uxCriticalNesting                        0x2000007c   Data           4  port.o(.data)
    ulMaxPRIGROUPValue                       0x20000080   Data           4  port.o(.data)
    .bss                                     0x20000084   Section      188  main.o(.bss)
    .bss                                     0x20000140   Section      596  freertos.o(.bss)
    xIdleTaskTCBBuffer                       0x20000140   Data          84  freertos.o(.bss)
    xIdleStack                               0x20000194   Data         512  freertos.o(.bss)
    .bss                                     0x20000394   Section      240  tasks.o(.bss)
    pxReadyTasksLists                        0x20000394   Data         140  tasks.o(.bss)
    xDelayedTaskList1                        0x20000420   Data          20  tasks.o(.bss)
    xDelayedTaskList2                        0x20000434   Data          20  tasks.o(.bss)
    xPendingReadyList                        0x20000448   Data          20  tasks.o(.bss)
    xTasksWaitingTermination                 0x2000045c   Data          20  tasks.o(.bss)
    xSuspendedTaskList                       0x20000470   Data          20  tasks.o(.bss)
    .bss                                     0x20000484   Section    15360  heap_4.o(.bss)
    ucHeap                                   0x20000484   Data       15360  heap_4.o(.bss)
    .bss                                     0x20004084   Section       96  libspace.o(.bss)
    HEAP                                     0x200040e8   Section      512  startup_stm32f407xx.o(HEAP)
    Heap_Mem                                 0x200040e8   Data         512  startup_stm32f407xx.o(HEAP)
    STACK                                    0x200042e8   Section     1024  startup_stm32f407xx.o(STACK)
    Stack_Mem                                0x200042e8   Data        1024  startup_stm32f407xx.o(STACK)
    __initial_sp                             0x200046e8   Data           0  startup_stm32f407xx.o(STACK)

    Global Symbols

    Symbol Name                              Value     Ov Type        Size  Object(Section)

    BuildAttributes$$THM_ISAv4$E$P$D$K$B$S$7EM$VFPi3$EXTD16$VFPS$VFMA$PE$A:L22UL41UL21$X:L11$S22US41US21$IEEE1$IW$USESV6$~STKCKD$USESV7$~SHL$OTIME$ROPI$IEEEJ$EBA8$UX$STANDARDLIB$REQ8$PRES8$EABIv2 0x00000000   Number         0  anon$$obj.o ABSOLUTE
    __ARM_use_no_argv                        0x00000000   Number         0  main.o ABSOLUTE
    _printf_flags                            0x00000000   Number         0  printf_stubs.o ABSOLUTE
    _printf_return_value                     0x00000000   Number         0  printf_stubs.o ABSOLUTE
    _printf_sizespec                         0x00000000   Number         0  printf_stubs.o ABSOLUTE
    _printf_widthprec                        0x00000000   Number         0  printf_stubs.o ABSOLUTE
    __ARM_exceptions_init                     - Undefined Weak Reference
    __alloca_initialize                       - Undefined Weak Reference
    __arm_preinit_                            - Undefined Weak Reference
    __cpp_initialize__aeabi_                  - Undefined Weak Reference
    __cxa_finalize                            - Undefined Weak Reference
    __sigvec_lookup                           - Undefined Weak Reference
    _atexit_init                              - Undefined Weak Reference
    _call_atexit_fns                          - Undefined Weak Reference
    _clock_init                               - Undefined Weak Reference
    _fp_trap_init                             - Undefined Weak Reference
    _fp_trap_shutdown                         - Undefined Weak Reference
    _get_lc_collate                           - Undefined Weak Reference
    _get_lc_ctype                             - Undefined Weak Reference
    _get_lc_monetary                          - Undefined Weak Reference
    _get_lc_time                              - Undefined Weak Reference
    _getenv_init                              - Undefined Weak Reference
    _handle_redirection                       - Undefined Weak Reference
    _init_alloc                               - Undefined Weak Reference
    _init_user_alloc                          - Undefined Weak Reference
    _initio                                   - Undefined Weak Reference
    _printf_post_padding                      - Undefined Weak Reference
    _printf_pre_padding                       - Undefined Weak Reference
    _rand_init                                - Undefined Weak Reference
    _signal_finish                            - Undefined Weak Reference
    _signal_init                              - Undefined Weak Reference
    _terminate_alloc                          - Undefined Weak Reference
    _terminate_user_alloc                     - Undefined Weak Reference
    _terminateio                              - Undefined Weak Reference
    __Vectors_Size                           0x00000188   Number         0  startup_stm32f407xx.o ABSOLUTE
    __Vectors                                0x08000000   Data           4  startup_stm32f407xx.o(RESET)
    __Vectors_End                            0x08000188   Data           0  startup_stm32f407xx.o(RESET)
    __main                                   0x08000189   Thumb Code     8  __main.o(!!!main)
    __scatterload                            0x08000191   Thumb Code     0  __scatter.o(!!!scatter)
    __scatterload_rt2                        0x08000191   Thumb Code    44  __scatter.o(!!!scatter)
    __scatterload_rt2_thumb_only             0x08000191   Thumb Code     0  __scatter.o(!!!scatter)
    __scatterload_null                       0x0800019f   Thumb Code     0  __scatter.o(!!!scatter)
    __scatterload_copy                       0x080001c5   Thumb Code    26  __scatter_copy.o(!!handler_copy)
    __scatterload_zeroinit                   0x080001e1   Thumb Code    28  __scatter_zi.o(!!handler_zi)
    _printf_f                                0x080001fd   Thumb Code     0  _printf_f.o(.ARM.Collect$$_printf_percent$$00000003)
    _printf_percent                          0x080001fd   Thumb Code     0  _printf_percent.o(.ARM.Collect$$_printf_percent$$00000000)
    _printf_percent_end                      0x08000203   Thumb Code     0  _printf_percent_end.o(.ARM.Collect$$_printf_percent$$00000017)
    __rt_lib_init                            0x08000207   Thumb Code     0  libinit.o(.ARM.Collect$$libinit$$00000000)
    __rt_lib_init_fp_1                       0x08000209   Thumb Code     0  libinit2.o(.ARM.Collect$$libinit$$00000001)
    __rt_lib_init_heap_1                     0x0800020d   Thumb Code     0  libinit2.o(.ARM.Collect$$libinit$$0000000A)
    __rt_lib_init_lc_common                  0x0800020d   Thumb Code     0  libinit2.o(.ARM.Collect$$libinit$$0000000F)
    __rt_lib_init_preinit_1                  0x0800020d   Thumb Code     0  libinit2.o(.ARM.Collect$$libinit$$00000004)
    __rt_lib_init_rand_1                     0x0800020d   Thumb Code     0  libinit2.o(.ARM.Collect$$libinit$$0000000E)
    __rt_lib_init_user_alloc_1               0x0800020d   Thumb Code     0  libinit2.o(.ARM.Collect$$libinit$$0000000C)
    __rt_lib_init_lc_collate_1               0x08000213   Thumb Code     0  libinit2.o(.ARM.Collect$$libinit$$00000011)
    __rt_lib_init_lc_ctype_1                 0x08000213   Thumb Code     0  libinit2.o(.ARM.Collect$$libinit$$00000013)
    __rt_lib_init_lc_monetary_1              0x08000213   Thumb Code     0  libinit2.o(.ARM.Collect$$libinit$$00000015)
    __rt_lib_init_lc_numeric_2               0x08000213   Thumb Code     0  libinit2.o(.ARM.Collect$$libinit$$00000016)
    __rt_lib_init_alloca_1                   0x0800021d   Thumb Code     0  libinit2.o(.ARM.Collect$$libinit$$0000002E)
    __rt_lib_init_argv_1                     0x0800021d   Thumb Code     0  libinit2.o(.ARM.Collect$$libinit$$0000002C)
    __rt_lib_init_atexit_1                   0x0800021d   Thumb Code     0  libinit2.o(.ARM.Collect$$libinit$$0000001B)
    __rt_lib_init_clock_1                    0x0800021d   Thumb Code     0  libinit2.o(.ARM.Collect$$libinit$$00000021)
    __rt_lib_init_cpp_1                      0x0800021d   Thumb Code     0  libinit2.o(.ARM.Collect$$libinit$$00000032)
    __rt_lib_init_exceptions_1               0x0800021d   Thumb Code     0  libinit2.o(.ARM.Collect$$libinit$$00000030)
    __rt_lib_init_fp_trap_1                  0x0800021d   Thumb Code     0  libinit2.o(.ARM.Collect$$libinit$$0000001F)
    __rt_lib_init_getenv_1                   0x0800021d   Thumb Code     0  libinit2.o(.ARM.Collect$$libinit$$00000023)
    __rt_lib_init_lc_numeric_1               0x0800021d   Thumb Code     0  libinit2.o(.ARM.Collect$$libinit$$00000017)
    __rt_lib_init_lc_time_1                  0x0800021d   Thumb Code     0  libinit2.o(.ARM.Collect$$libinit$$00000019)
    __rt_lib_init_return                     0x0800021d   Thumb Code     0  libinit2.o(.ARM.Collect$$libinit$$00000033)
    __rt_lib_init_signal_1                   0x0800021d   Thumb Code     0  libinit2.o(.ARM.Collect$$libinit$$0000001D)
    __rt_lib_init_stdio_1                    0x0800021d   Thumb Code     0  libinit2.o(.ARM.Collect$$libinit$$00000025)
    __rt_lib_shutdown                        0x0800021f   Thumb Code     0  libshutdown.o(.ARM.Collect$$libshutdown$$00000000)
    __rt_lib_shutdown_cpp_1                  0x08000221   Thumb Code     0  libshutdown2.o(.ARM.Collect$$libshutdown$$00000002)
    __rt_lib_shutdown_fp_trap_1              0x08000221   Thumb Code     0  libshutdown2.o(.ARM.Collect$$libshutdown$$00000007)
    __rt_lib_shutdown_heap_1                 0x08000221   Thumb Code     0  libshutdown2.o(.ARM.Collect$$libshutdown$$0000000F)
    __rt_lib_shutdown_return                 0x08000221   Thumb Code     0  libshutdown2.o(.ARM.Collect$$libshutdown$$00000010)
    __rt_lib_shutdown_signal_1               0x08000221   Thumb Code     0  libshutdown2.o(.ARM.Collect$$libshutdown$$0000000A)
    __rt_lib_shutdown_stdio_1                0x08000221   Thumb Code     0  libshutdown2.o(.ARM.Collect$$libshutdown$$00000004)
    __rt_lib_shutdown_user_alloc_1           0x08000221   Thumb Code     0  libshutdown2.o(.ARM.Collect$$libshutdown$$0000000C)
    __rt_entry                               0x08000223   Thumb Code     0  __rtentry.o(.ARM.Collect$$rtentry$$00000000)
    __rt_entry_presh_1                       0x08000223   Thumb Code     0  __rtentry2.o(.ARM.Collect$$rtentry$$00000002)
    __rt_entry_sh                            0x08000223   Thumb Code     0  __rtentry4.o(.ARM.Collect$$rtentry$$00000004)
    __rt_entry_li                            0x08000229   Thumb Code     0  __rtentry2.o(.ARM.Collect$$rtentry$$0000000A)
    __rt_entry_postsh_1                      0x08000229   Thumb Code     0  __rtentry2.o(.ARM.Collect$$rtentry$$00000009)
    __rt_entry_main                          0x0800022d   Thumb Code     0  __rtentry2.o(.ARM.Collect$$rtentry$$0000000D)
    __rt_entry_postli_1                      0x0800022d   Thumb Code     0  __rtentry2.o(.ARM.Collect$$rtentry$$0000000C)
    __rt_exit                                0x08000235   Thumb Code     0  rtexit.o(.ARM.Collect$$rtexit$$00000000)
    __rt_exit_ls                             0x08000237   Thumb Code     0  rtexit2.o(.ARM.Collect$$rtexit$$00000003)
    __rt_exit_prels_1                        0x08000237   Thumb Code     0  rtexit2.o(.ARM.Collect$$rtexit$$00000002)
    __rt_exit_exit                           0x0800023b   Thumb Code     0  rtexit2.o(.ARM.Collect$$rtexit$$00000004)
    SVC_Handler                              0x08000241   Thumb Code    28  port.o(.emb_text)
    __asm___6_port_c_39a90d8d__prvStartFirstTask 0x08000261   Thumb Code    36  port.o(.emb_text)
    __asm___6_port_c_39a90d8d__prvEnableVFP  0x08000289   Thumb Code    16  port.o(.emb_text)
    PendSV_Handler                           0x0800029d   Thumb Code    88  port.o(.emb_text)
    vPortGetIPSR                             0x080002f9   Thumb Code     6  port.o(.emb_text)
    Reset_Handler                            0x08000301   Thumb Code     8  startup_stm32f407xx.o(.text)
    ADC_IRQHandler                           0x0800031b   Thumb Code     0  startup_stm32f407xx.o(.text)
    CAN1_RX0_IRQHandler                      0x0800031b   Thumb Code     0  startup_stm32f407xx.o(.text)
    CAN1_RX1_IRQHandler                      0x0800031b   Thumb Code     0  startup_stm32f407xx.o(.text)
    CAN1_SCE_IRQHandler                      0x0800031b   Thumb Code     0  startup_stm32f407xx.o(.text)
    CAN1_TX_IRQHandler                       0x0800031b   Thumb Code     0  startup_stm32f407xx.o(.text)
    CAN2_RX0_IRQHandler                      0x0800031b   Thumb Code     0  startup_stm32f407xx.o(.text)
    CAN2_RX1_IRQHandler                      0x0800031b   Thumb Code     0  startup_stm32f407xx.o(.text)
    CAN2_SCE_IRQHandler                      0x0800031b   Thumb Code     0  startup_stm32f407xx.o(.text)
    CAN2_TX_IRQHandler                       0x0800031b   Thumb Code     0  startup_stm32f407xx.o(.text)
    DCMI_IRQHandler                          0x0800031b   Thumb Code     0  startup_stm32f407xx.o(.text)
    DMA1_Stream0_IRQHandler                  0x0800031b   Thumb Code     0  startup_stm32f407xx.o(.text)
    DMA1_Stream1_IRQHandler                  0x0800031b   Thumb Code     0  startup_stm32f407xx.o(.text)
    DMA1_Stream2_IRQHandler                  0x0800031b   Thumb Code     0  startup_stm32f407xx.o(.text)
    DMA1_Stream3_IRQHandler                  0x0800031b   Thumb Code     0  startup_stm32f407xx.o(.text)
    DMA1_Stream4_IRQHandler                  0x0800031b   Thumb Code     0  startup_stm32f407xx.o(.text)
    DMA1_Stream5_IRQHandler                  0x0800031b   Thumb Code     0  startup_stm32f407xx.o(.text)
    DMA1_Stream6_IRQHandler                  0x0800031b   Thumb Code     0  startup_stm32f407xx.o(.text)
    DMA1_Stream7_IRQHandler                  0x0800031b   Thumb Code     0  startup_stm32f407xx.o(.text)
    DMA2_Stream0_IRQHandler                  0x0800031b   Thumb Code     0  startup_stm32f407xx.o(.text)
    DMA2_Stream1_IRQHandler                  0x0800031b   Thumb Code     0  startup_stm32f407xx.o(.text)
    DMA2_Stream2_IRQHandler                  0x0800031b   Thumb Code     0  startup_stm32f407xx.o(.text)
    DMA2_Stream3_IRQHandler                  0x0800031b   Thumb Code     0  startup_stm32f407xx.o(.text)
    DMA2_Stream4_IRQHandler                  0x0800031b   Thumb Code     0  startup_stm32f407xx.o(.text)
    DMA2_Stream5_IRQHandler                  0x0800031b   Thumb Code     0  startup_stm32f407xx.o(.text)
    DMA2_Stream6_IRQHandler                  0x0800031b   Thumb Code     0  startup_stm32f407xx.o(.text)
    DMA2_Stream7_IRQHandler                  0x0800031b   Thumb Code     0  startup_stm32f407xx.o(.text)
    ETH_IRQHandler                           0x0800031b   Thumb Code     0  startup_stm32f407xx.o(.text)
    ETH_WKUP_IRQHandler                      0x0800031b   Thumb Code     0  startup_stm32f407xx.o(.text)
    EXTI0_IRQHandler                         0x0800031b   Thumb Code     0  startup_stm32f407xx.o(.text)
    EXTI15_10_IRQHandler                     0x0800031b   Thumb Code     0  startup_stm32f407xx.o(.text)
    EXTI1_IRQHandler                         0x0800031b   Thumb Code     0  startup_stm32f407xx.o(.text)
    EXTI2_IRQHandler                         0x0800031b   Thumb Code     0  startup_stm32f407xx.o(.text)
    EXTI3_IRQHandler                         0x0800031b   Thumb Code     0  startup_stm32f407xx.o(.text)
    EXTI4_IRQHandler                         0x0800031b   Thumb Code     0  startup_stm32f407xx.o(.text)
    EXTI9_5_IRQHandler                       0x0800031b   Thumb Code     0  startup_stm32f407xx.o(.text)
    FLASH_IRQHandler                         0x0800031b   Thumb Code     0  startup_stm32f407xx.o(.text)
    FMC_IRQHandler                           0x0800031b   Thumb Code     0  startup_stm32f407xx.o(.text)
    FPU_IRQHandler                           0x0800031b   Thumb Code     0  startup_stm32f407xx.o(.text)
    HASH_RNG_IRQHandler                      0x0800031b   Thumb Code     0  startup_stm32f407xx.o(.text)
    I2C1_ER_IRQHandler                       0x0800031b   Thumb Code     0  startup_stm32f407xx.o(.text)
    I2C1_EV_IRQHandler                       0x0800031b   Thumb Code     0  startup_stm32f407xx.o(.text)
    I2C2_ER_IRQHandler                       0x0800031b   Thumb Code     0  startup_stm32f407xx.o(.text)
    I2C2_EV_IRQHandler                       0x0800031b   Thumb Code     0  startup_stm32f407xx.o(.text)
    I2C3_ER_IRQHandler                       0x0800031b   Thumb Code     0  startup_stm32f407xx.o(.text)
    I2C3_EV_IRQHandler                       0x0800031b   Thumb Code     0  startup_stm32f407xx.o(.text)
    OTG_FS_IRQHandler                        0x0800031b   Thumb Code     0  startup_stm32f407xx.o(.text)
    OTG_FS_WKUP_IRQHandler                   0x0800031b   Thumb Code     0  startup_stm32f407xx.o(.text)
    OTG_HS_EP1_IN_IRQHandler                 0x0800031b   Thumb Code     0  startup_stm32f407xx.o(.text)
    OTG_HS_EP1_OUT_IRQHandler                0x0800031b   Thumb Code     0  startup_stm32f407xx.o(.text)
    OTG_HS_IRQHandler                        0x0800031b   Thumb Code     0  startup_stm32f407xx.o(.text)
    OTG_HS_WKUP_IRQHandler                   0x0800031b   Thumb Code     0  startup_stm32f407xx.o(.text)
    PVD_IRQHandler                           0x0800031b   Thumb Code     0  startup_stm32f407xx.o(.text)
    RCC_IRQHandler                           0x0800031b   Thumb Code     0  startup_stm32f407xx.o(.text)
    RTC_Alarm_IRQHandler                     0x0800031b   Thumb Code     0  startup_stm32f407xx.o(.text)
    RTC_WKUP_IRQHandler                      0x0800031b   Thumb Code     0  startup_stm32f407xx.o(.text)
    SDIO_IRQHandler                          0x0800031b   Thumb Code     0  startup_stm32f407xx.o(.text)
    SPI1_IRQHandler                          0x0800031b   Thumb Code     0  startup_stm32f407xx.o(.text)
    SPI2_IRQHandler                          0x0800031b   Thumb Code     0  startup_stm32f407xx.o(.text)
    SPI3_IRQHandler                          0x0800031b   Thumb Code     0  startup_stm32f407xx.o(.text)
    TAMP_STAMP_IRQHandler                    0x0800031b   Thumb Code     0  startup_stm32f407xx.o(.text)
    TIM1_BRK_TIM9_IRQHandler                 0x0800031b   Thumb Code     0  startup_stm32f407xx.o(.text)
    TIM1_CC_IRQHandler                       0x0800031b   Thumb Code     0  startup_stm32f407xx.o(.text)
    TIM1_TRG_COM_TIM11_IRQHandler            0x0800031b   Thumb Code     0  startup_stm32f407xx.o(.text)
    TIM1_UP_TIM10_IRQHandler                 0x0800031b   Thumb Code     0  startup_stm32f407xx.o(.text)
    TIM2_IRQHandler                          0x0800031b   Thumb Code     0  startup_stm32f407xx.o(.text)
    TIM3_IRQHandler                          0x0800031b   Thumb Code     0  startup_stm32f407xx.o(.text)
    TIM4_IRQHandler                          0x0800031b   Thumb Code     0  startup_stm32f407xx.o(.text)
    TIM5_IRQHandler                          0x0800031b   Thumb Code     0  startup_stm32f407xx.o(.text)
    TIM6_DAC_IRQHandler                      0x0800031b   Thumb Code     0  startup_stm32f407xx.o(.text)
    TIM7_IRQHandler                          0x0800031b   Thumb Code     0  startup_stm32f407xx.o(.text)
    TIM8_BRK_TIM12_IRQHandler                0x0800031b   Thumb Code     0  startup_stm32f407xx.o(.text)
    TIM8_CC_IRQHandler                       0x0800031b   Thumb Code     0  startup_stm32f407xx.o(.text)
    TIM8_TRG_COM_TIM14_IRQHandler            0x0800031b   Thumb Code     0  startup_stm32f407xx.o(.text)
    TIM8_UP_TIM13_IRQHandler                 0x0800031b   Thumb Code     0  startup_stm32f407xx.o(.text)
    UART4_IRQHandler                         0x0800031b   Thumb Code     0  startup_stm32f407xx.o(.text)
    UART5_IRQHandler                         0x0800031b   Thumb Code     0  startup_stm32f407xx.o(.text)
    USART1_IRQHandler                        0x0800031b   Thumb Code     0  startup_stm32f407xx.o(.text)
    USART2_IRQHandler                        0x0800031b   Thumb Code     0  startup_stm32f407xx.o(.text)
    USART3_IRQHandler                        0x0800031b   Thumb Code     0  startup_stm32f407xx.o(.text)
    USART6_IRQHandler                        0x0800031b   Thumb Code     0  startup_stm32f407xx.o(.text)
    WWDG_IRQHandler                          0x0800031b   Thumb Code     0  startup_stm32f407xx.o(.text)
    __user_initial_stackheap                 0x0800031d   Thumb Code     0  startup_stm32f407xx.o(.text)
    __aeabi_uldivmod                         0x08000341   Thumb Code     0  lludivv7m.o(.text)
    _ll_udiv                                 0x08000341   Thumb Code   238  lludivv7m.o(.text)
    __2sprintf                               0x08000431   Thumb Code    34  noretval__2sprintf.o(.text)
    __printf                                 0x08000459   Thumb Code   270  __printf_wp.o(.text)
    __aeabi_memcpy4                          0x08000567   Thumb Code     0  rt_memcpy_w.o(.text)
    __aeabi_memcpy8                          0x08000567   Thumb Code     0  rt_memcpy_w.o(.text)
    __rt_memcpy_w                            0x08000567   Thumb Code   100  rt_memcpy_w.o(.text)
    _memcpy_lastbytes_aligned                0x080005af   Thumb Code     0  rt_memcpy_w.o(.text)
    __aeabi_memclr4                          0x080005cb   Thumb Code     0  rt_memclr_w.o(.text)
    __aeabi_memclr8                          0x080005cb   Thumb Code     0  rt_memclr_w.o(.text)
    __rt_memclr_w                            0x080005cb   Thumb Code    78  rt_memclr_w.o(.text)
    _memset_w                                0x080005cf   Thumb Code     0  rt_memclr_w.o(.text)
    __use_two_region_memory                  0x08000619   Thumb Code     2  heapauxi.o(.text)
    __rt_heap_escrow$2region                 0x0800061b   Thumb Code     2  heapauxi.o(.text)
    __rt_heap_expand$2region                 0x0800061d   Thumb Code     2  heapauxi.o(.text)
    __lib_sel_fp_printf                      0x0800061f   Thumb Code     2  _printf_fp_dec.o(.text)
    _printf_fp_dec_real                      0x080007d1   Thumb Code   620  _printf_fp_dec.o(.text)
    _printf_char_common                      0x08000a47   Thumb Code    32  _printf_char_common.o(.text)
    _sputc                                   0x08000a6d   Thumb Code    10  _sputc.o(.text)
    __rt_locale                              0x08000a79   Thumb Code     8  rt_locale_intlibspace.o(.text)
    _ll_udiv10                               0x08000a81   Thumb Code   138  lludiv10.o(.text)
    _printf_fp_infnan                        0x08000b0d   Thumb Code   112  _printf_fp_infnan.o(.text)
    _btod_etento                             0x08000b8d   Thumb Code   224  bigflt0.o(.text)
    __user_libspace                          0x08000c71   Thumb Code     8  libspace.o(.text)
    __user_perproc_libspace                  0x08000c71   Thumb Code     0  libspace.o(.text)
    __user_perthread_libspace                0x08000c71   Thumb Code     0  libspace.o(.text)
    __user_setup_stackheap                   0x08000c79   Thumb Code    74  sys_stackheap_outer.o(.text)
    exit                                     0x08000cc3   Thumb Code    18  exit.o(.text)
    strcmp                                   0x08000cd5   Thumb Code   128  strcmpv7m.o(.text)
    _sys_exit                                0x08000d55   Thumb Code     8  sys_exit.o(.text)
    __I$use$semihosting                      0x08000d61   Thumb Code     0  use_no_semi.o(.text)
    __use_no_semihosting_swi                 0x08000d61   Thumb Code     2  use_no_semi.o(.text)
    __semihosting_library_function           0x08000d63   Thumb Code     0  indicate_semi.o(.text)
    _btod_d2e                                0x08000d63   Thumb Code    62  btod.o(CL$$btod_d2e)
    _d2e_denorm_low                          0x08000da1   Thumb Code    70  btod.o(CL$$btod_d2e_denorm_low)
    _d2e_norm_op1                            0x08000de7   Thumb Code    96  btod.o(CL$$btod_d2e_norm_op1)
    __btod_div_common                        0x08000e47   Thumb Code   696  btod.o(CL$$btod_div_common)
    _e2e                                     0x0800117f   Thumb Code   220  btod.o(CL$$btod_e2e)
    _btod_ediv                               0x0800125b   Thumb Code    42  btod.o(CL$$btod_ediv)
    _btod_emul                               0x08001285   Thumb Code    42  btod.o(CL$$btod_emul)
    __btod_mult_common                       0x080012af   Thumb Code   580  btod.o(CL$$btod_mult_common)
    BusFault_Handler                         0x0800161d   Thumb Code     2  stm32f4xx_it.o(i.BusFault_Handler)
    CLCD_I2C_Init                            0x0800161f   Thumb Code   162  clcd_i2c.o(i.CLCD_I2C_Init)
    CLCD_I2C_SetCursor                       0x080016c1   Thumb Code    68  clcd_i2c.o(i.CLCD_I2C_SetCursor)
    CLCD_I2C_WriteChar                       0x08001705   Thumb Code     6  clcd_i2c.o(i.CLCD_I2C_WriteChar)
    CLCD_I2C_WriteString                     0x0800170b   Thumb Code    24  clcd_i2c.o(i.CLCD_I2C_WriteString)
    DebugMon_Handler                         0x0800178d   Thumb Code     2  stm32f4xx_it.o(i.DebugMon_Handler)
    HAL_ADC_ConfigChannel                    0x08001791   Thumb Code   316  stm32f4xx_hal_adc.o(i.HAL_ADC_ConfigChannel)
    HAL_ADC_GetValue                         0x080018dd   Thumb Code     6  stm32f4xx_hal_adc.o(i.HAL_ADC_GetValue)
    HAL_ADC_Init                             0x080018e3   Thumb Code    84  stm32f4xx_hal_adc.o(i.HAL_ADC_Init)
    HAL_ADC_MspInit                          0x08001939   Thumb Code    84  stm32f4xx_hal_msp.o(i.HAL_ADC_MspInit)
    HAL_ADC_PollForConversion                0x08001999   Thumb Code   170  stm32f4xx_hal_adc.o(i.HAL_ADC_PollForConversion)
    HAL_ADC_Start                            0x08001a45   Thumb Code   228  stm32f4xx_hal_adc.o(i.HAL_ADC_Start)
    HAL_Delay                                0x08001b41   Thumb Code    32  stm32f4xx_hal.o(i.HAL_Delay)
    HAL_GPIO_Init                            0x08001b65   Thumb Code   450  stm32f4xx_hal_gpio.o(i.HAL_GPIO_Init)
    HAL_GPIO_WritePin                        0x08001d55   Thumb Code    10  stm32f4xx_hal_gpio.o(i.HAL_GPIO_WritePin)
    HAL_GetTick                              0x08001d61   Thumb Code     6  stm32f4xx_hal.o(i.HAL_GetTick)
    HAL_I2C_Init                             0x08001d6d   Thumb Code   376  stm32f4xx_hal_i2c.o(i.HAL_I2C_Init)
    HAL_I2C_Master_Transmit                  0x08001ef5   Thumb Code   290  stm32f4xx_hal_i2c.o(i.HAL_I2C_Master_Transmit)
    HAL_I2C_MspInit                          0x08002021   Thumb Code    92  stm32f4xx_hal_msp.o(i.HAL_I2C_MspInit)
    HAL_IncTick                              0x08002089   Thumb Code    12  stm32f4xx_hal.o(i.HAL_IncTick)
    HAL_Init                                 0x08002099   Thumb Code    48  stm32f4xx_hal.o(i.HAL_Init)
    HAL_InitTick                             0x080020cd   Thumb Code    54  stm32f4xx_hal.o(i.HAL_InitTick)
    HAL_MspInit                              0x0800210d   Thumb Code    52  stm32f4xx_hal_msp.o(i.HAL_MspInit)
    HAL_NVIC_SetPriority                     0x08002145   Thumb Code    60  stm32f4xx_hal_cortex.o(i.HAL_NVIC_SetPriority)
    HAL_NVIC_SetPriorityGrouping             0x08002185   Thumb Code    26  stm32f4xx_hal_cortex.o(i.HAL_NVIC_SetPriorityGrouping)
    HAL_RCC_ClockConfig                      0x080021a9   Thumb Code   288  stm32f4xx_hal_rcc.o(i.HAL_RCC_ClockConfig)
    HAL_RCC_GetPCLK1Freq                     0x080022dd   Thumb Code    20  stm32f4xx_hal_rcc.o(i.HAL_RCC_GetPCLK1Freq)
    HAL_RCC_GetSysClockFreq                  0x080022fd   Thumb Code    88  stm32f4xx_hal_rcc.o(i.HAL_RCC_GetSysClockFreq)
    HAL_RCC_OscConfig                        0x0800235d   Thumb Code   856  stm32f4xx_hal_rcc.o(i.HAL_RCC_OscConfig)
    HAL_SYSTICK_Config                       0x080026c9   Thumb Code    40  stm32f4xx_hal_cortex.o(i.HAL_SYSTICK_Config)
    HardFault_Handler                        0x080026f1   Thumb Code     2  stm32f4xx_it.o(i.HardFault_Handler)
    MemManage_Handler                        0x08002a39   Thumb Code     2  stm32f4xx_it.o(i.MemManage_Handler)
    NMI_Handler                              0x08002a3b   Thumb Code     2  stm32f4xx_it.o(i.NMI_Handler)
    StartDefaultTask                         0x08002a3d   Thumb Code     8  main.o(i.StartDefaultTask)
    SysTick_Handler                          0x08002a45   Thumb Code    24  stm32f4xx_it.o(i.SysTick_Handler)
    SystemClock_Config                       0x08002a5d   Thumb Code   138  main.o(i.SystemClock_Config)
    SystemInit                               0x08002af1   Thumb Code    12  system_stm32f4xx.o(i.SystemInit)
    UsageFault_Handler                       0x08002b01   Thumb Code     2  stm32f4xx_it.o(i.UsageFault_Handler)
    __ARM_fpclassify                         0x08002b03   Thumb Code    48  fpclassify.o(i.__ARM_fpclassify)
    _is_digit                                0x08002b53   Thumb Code    14  __printf_wp.o(i._is_digit)
    main                                     0x08002b61   Thumb Code   140  main.o(i.main)
    osDelay                                  0x08002c39   Thumb Code    14  cmsis_os.o(i.osDelay)
    osKernelStart                            0x08002c47   Thumb Code    10  cmsis_os.o(i.osKernelStart)
    osThreadCreate                           0x08002c51   Thumb Code    84  cmsis_os.o(i.osThreadCreate)
    pvPortMalloc                             0x08002ff1   Thumb Code   216  heap_4.o(i.pvPortMalloc)
    pxPortInitialiseStack                    0x080030cd   Thumb Code    40  port.o(i.pxPortInitialiseStack)
    uxListRemove                             0x080030f9   Thumb Code    38  list.o(i.uxListRemove)
    vApplicationGetIdleTaskMemory            0x08003121   Thumb Code    16  freertos.o(i.vApplicationGetIdleTaskMemory)
    vListInitialise                          0x08003135   Thumb Code    22  list.o(i.vListInitialise)
    vListInitialiseItem                      0x0800314b   Thumb Code     6  list.o(i.vListInitialiseItem)
    vListInsert                              0x08003151   Thumb Code    48  list.o(i.vListInsert)
    vListInsertEnd                           0x08003181   Thumb Code    24  list.o(i.vListInsertEnd)
    vPortEnterCritical                       0x08003199   Thumb Code    54  port.o(i.vPortEnterCritical)
    vPortExitCritical                        0x080031d9   Thumb Code    34  port.o(i.vPortExitCritical)
    vPortFree                                0x08003201   Thumb Code    94  heap_4.o(i.vPortFree)
    vPortSetupTimerInterrupt                 0x08003265   Thumb Code    32  port.o(i.vPortSetupTimerInterrupt)
    vTaskDelay                               0x08003289   Thumb Code    66  tasks.o(i.vTaskDelay)
    vTaskPumpControl                         0x080032d5   Thumb Code    76  main.o(i.vTaskPumpControl)
    vTaskReadSensor                          0x08003351   Thumb Code   152  main.o(i.vTaskReadSensor)
    vTaskStartScheduler                      0x08003411   Thumb Code    90  tasks.o(i.vTaskStartScheduler)
    vTaskSuspendAll                          0x0800347d   Thumb Code    10  tasks.o(i.vTaskSuspendAll)
    vTaskSwitchContext                       0x0800348d   Thumb Code    82  tasks.o(i.vTaskSwitchContext)
    xPortStartScheduler                      0x080034e9   Thumb Code   222  port.o(i.xPortStartScheduler)
    xPortSysTickHandler                      0x080035dd   Thumb Code    38  port.o(i.xPortSysTickHandler)
    xTaskCreate                              0x08003609   Thumb Code    90  tasks.o(i.xTaskCreate)
    xTaskCreateStatic                        0x08003663   Thumb Code    86  tasks.o(i.xTaskCreateStatic)
    xTaskGetSchedulerState                   0x080036b9   Thumb Code    22  tasks.o(i.xTaskGetSchedulerState)
    xTaskIncrementTick                       0x080036d5   Thumb Code   194  tasks.o(i.xTaskIncrementTick)
    xTaskResumeAll                           0x080037a1   Thumb Code   182  tasks.o(i.xTaskResumeAll)
    _get_lc_numeric                          0x08003865   Thumb Code    44  lc_numeric_c.o(locale$$code)
    __aeabi_d2f                              0x08003891   Thumb Code     0  d2f.o(x$fpl$d2f)
    _d2f                                     0x08003891   Thumb Code    98  d2f.o(x$fpl$d2f)
    __aeabi_dadd                             0x080038f5   Thumb Code     0  daddsub_clz.o(x$fpl$dadd)
    _dadd                                    0x080038f5   Thumb Code   332  daddsub_clz.o(x$fpl$dadd)
    __aeabi_ddiv                             0x08003a45   Thumb Code     0  ddiv.o(x$fpl$ddiv)
    _ddiv                                    0x08003a45   Thumb Code   552  ddiv.o(x$fpl$ddiv)
    __aeabi_dmul                             0x08003cf5   Thumb Code     0  dmul.o(x$fpl$dmul)
    _dmul                                    0x08003cf5   Thumb Code   332  dmul.o(x$fpl$dmul)
    __fpl_dnaninf                            0x08003e49   Thumb Code   156  dnaninf.o(x$fpl$dnaninf)
    __fpl_dretinf                            0x08003ee5   Thumb Code    12  dretinf.o(x$fpl$dretinf)
    __aeabi_drsub                            0x08003ef1   Thumb Code     0  daddsub_clz.o(x$fpl$drsb)
    _drsb                                    0x08003ef1   Thumb Code    22  daddsub_clz.o(x$fpl$drsb)
    __aeabi_dsub                             0x08003f09   Thumb Code     0  daddsub_clz.o(x$fpl$dsub)
    _dsub                                    0x08003f09   Thumb Code   464  daddsub_clz.o(x$fpl$dsub)
    __aeabi_f2d                              0x080040dd   Thumb Code     0  f2d.o(x$fpl$f2d)
    _f2d                                     0x080040dd   Thumb Code    86  f2d.o(x$fpl$f2d)
    __fpl_fnaninf                            0x08004133   Thumb Code   140  fnaninf.o(x$fpl$fnaninf)
    _fp_init                                 0x080041bf   Thumb Code    10  fpinit.o(x$fpl$fpinit)
    __fplib_config_fpu_vfp                   0x080041c7   Thumb Code     0  fpinit.o(x$fpl$fpinit)
    __fplib_config_pureend_doubles           0x080041c7   Thumb Code     0  fpinit.o(x$fpl$fpinit)
    __fpl_fretinf                            0x080041c9   Thumb Code    10  fretinf.o(x$fpl$fretinf)
    _printf_fp_dec                           0x080041d3   Thumb Code     4  printf1.o(x$fpl$printf1)
    __I$use$fp                               0x080041d6   Number         0  usenofp.o(x$fpl$usenofp)
    AHBPrescTable                            0x080041f4   Data          16  system_stm32f4xx.o(.constdata)
    APBPrescTable                            0x08004204   Data           8  system_stm32f4xx.o(.constdata)
    Region$$Table$$Base                      0x080042ac   Number         0  anon$$obj.o(Region$$Table)
    Region$$Table$$Limit                     0x080042cc   Number         0  anon$$obj.o(Region$$Table)
    value                                    0x20000000   Data           4  main.o(.data)
    humidity                                 0x20000004   Data           4  main.o(.data)
    defaultTaskHandle                        0x20000008   Data           4  main.o(.data)
    uwTickFreq                               0x2000000c   Data           1  stm32f4xx_hal.o(.data)
    uwTickPrio                               0x20000010   Data           4  stm32f4xx_hal.o(.data)
    uwTick                                   0x20000014   Data           4  stm32f4xx_hal.o(.data)
    SystemCoreClock                          0x20000018   Data           4  system_stm32f4xx.o(.data)
    pxCurrentTCB                             0x2000001c   Data           4  tasks.o(.data)
    hadc1                                    0x20000084   Data          72  main.o(.bss)
    hi2c1                                    0x200000cc   Data          84  main.o(.bss)
    LCD1                                     0x20000120   Data          12  main.o(.bss)
    buffer                                   0x2000012c   Data          20  main.o(.bss)
    __libspace_start                         0x20004084   Data          96  libspace.o(.bss)
    __temporary_stack_top$libspace           0x200040e4   Data           0  libspace.o(.bss)



==============================================================================

Memory Map of the image

  Image Entry point : 0x08000189

  Load Region LR_IROM1 (Base: 0x08000000, Size: 0x0000436c, Max: 0x00080000, ABSOLUTE)

    Execution Region ER_IROM1 (Exec base: 0x08000000, Load base: 0x08000000, Size: 0x000042e8, Max: 0x00080000, ABSOLUTE)

    Exec Addr    Load Addr    Size         Type   Attr      Idx    E Section Name        Object

    0x08000000   0x08000000   0x00000188   Data   RO            3    RESET               startup_stm32f407xx.o
    0x08000188   0x08000188   0x00000008   Code   RO         3739  * !!!main             c_w.l(__main.o)
    0x08000190   0x08000190   0x00000034   Code   RO         3987    !!!scatter          c_w.l(__scatter.o)
    0x080001c4   0x080001c4   0x0000001a   Code   RO         3989    !!handler_copy      c_w.l(__scatter_copy.o)
    0x080001de   0x080001de   0x00000002   PAD
    0x080001e0   0x080001e0   0x0000001c   Code   RO         3991    !!handler_zi        c_w.l(__scatter_zi.o)
    0x080001fc   0x080001fc   0x00000000   Code   RO         3728    .ARM.Collect$$_printf_percent$$00000000  c_w.l(_printf_percent.o)
    0x080001fc   0x080001fc   0x00000006   Code   RO         3727    .ARM.Collect$$_printf_percent$$00000003  c_w.l(_printf_f.o)
    0x08000202   0x08000202   0x00000004   Code   RO         3770    .ARM.Collect$$_printf_percent$$00000017  c_w.l(_printf_percent_end.o)
    0x08000206   0x08000206   0x00000002   Code   RO         3860    .ARM.Collect$$libinit$$00000000  c_w.l(libinit.o)
    0x08000208   0x08000208   0x00000004   Code   RO         3861    .ARM.Collect$$libinit$$00000001  c_w.l(libinit2.o)
    0x0800020c   0x0800020c   0x00000000   Code   RO         3864    .ARM.Collect$$libinit$$00000004  c_w.l(libinit2.o)
    0x0800020c   0x0800020c   0x00000000   Code   RO         3867    .ARM.Collect$$libinit$$0000000A  c_w.l(libinit2.o)
    0x0800020c   0x0800020c   0x00000000   Code   RO         3869    .ARM.Collect$$libinit$$0000000C  c_w.l(libinit2.o)
    0x0800020c   0x0800020c   0x00000000   Code   RO         3871    .ARM.Collect$$libinit$$0000000E  c_w.l(libinit2.o)
    0x0800020c   0x0800020c   0x00000006   Code   RO         3872    .ARM.Collect$$libinit$$0000000F  c_w.l(libinit2.o)
    0x08000212   0x08000212   0x00000000   Code   RO         3874    .ARM.Collect$$libinit$$00000011  c_w.l(libinit2.o)
    0x08000212   0x08000212   0x00000000   Code   RO         3876    .ARM.Collect$$libinit$$00000013  c_w.l(libinit2.o)
    0x08000212   0x08000212   0x00000000   Code   RO         3878    .ARM.Collect$$libinit$$00000015  c_w.l(libinit2.o)
    0x08000212   0x08000212   0x0000000a   Code   RO         3879    .ARM.Collect$$libinit$$00000016  c_w.l(libinit2.o)
    0x0800021c   0x0800021c   0x00000000   Code   RO         3880    .ARM.Collect$$libinit$$00000017  c_w.l(libinit2.o)
    0x0800021c   0x0800021c   0x00000000   Code   RO         3882    .ARM.Collect$$libinit$$00000019  c_w.l(libinit2.o)
    0x0800021c   0x0800021c   0x00000000   Code   RO         3884    .ARM.Collect$$libinit$$0000001B  c_w.l(libinit2.o)
    0x0800021c   0x0800021c   0x00000000   Code   RO         3886    .ARM.Collect$$libinit$$0000001D  c_w.l(libinit2.o)
    0x0800021c   0x0800021c   0x00000000   Code   RO         3888    .ARM.Collect$$libinit$$0000001F  c_w.l(libinit2.o)
    0x0800021c   0x0800021c   0x00000000   Code   RO         3890    .ARM.Collect$$libinit$$00000021  c_w.l(libinit2.o)
    0x0800021c   0x0800021c   0x00000000   Code   RO         3892    .ARM.Collect$$libinit$$00000023  c_w.l(libinit2.o)
    0x0800021c   0x0800021c   0x00000000   Code   RO         3894    .ARM.Collect$$libinit$$00000025  c_w.l(libinit2.o)
    0x0800021c   0x0800021c   0x00000000   Code   RO         3898    .ARM.Collect$$libinit$$0000002C  c_w.l(libinit2.o)
    0x0800021c   0x0800021c   0x00000000   Code   RO         3900    .ARM.Collect$$libinit$$0000002E  c_w.l(libinit2.o)
    0x0800021c   0x0800021c   0x00000000   Code   RO         3902    .ARM.Collect$$libinit$$00000030  c_w.l(libinit2.o)
    0x0800021c   0x0800021c   0x00000000   Code   RO         3904    .ARM.Collect$$libinit$$00000032  c_w.l(libinit2.o)
    0x0800021c   0x0800021c   0x00000002   Code   RO         3905    .ARM.Collect$$libinit$$00000033  c_w.l(libinit2.o)
    0x0800021e   0x0800021e   0x00000002   Code   RO         3952    .ARM.Collect$$libshutdown$$00000000  c_w.l(libshutdown.o)
    0x08000220   0x08000220   0x00000000   Code   RO         3970    .ARM.Collect$$libshutdown$$00000002  c_w.l(libshutdown2.o)
    0x08000220   0x08000220   0x00000000   Code   RO         3972    .ARM.Collect$$libshutdown$$00000004  c_w.l(libshutdown2.o)
    0x08000220   0x08000220   0x00000000   Code   RO         3975    .ARM.Collect$$libshutdown$$00000007  c_w.l(libshutdown2.o)
    0x08000220   0x08000220   0x00000000   Code   RO         3978    .ARM.Collect$$libshutdown$$0000000A  c_w.l(libshutdown2.o)
    0x08000220   0x08000220   0x00000000   Code   RO         3980    .ARM.Collect$$libshutdown$$0000000C  c_w.l(libshutdown2.o)
    0x08000220   0x08000220   0x00000000   Code   RO         3983    .ARM.Collect$$libshutdown$$0000000F  c_w.l(libshutdown2.o)
    0x08000220   0x08000220   0x00000002   Code   RO         3984    .ARM.Collect$$libshutdown$$00000010  c_w.l(libshutdown2.o)
    0x08000222   0x08000222   0x00000000   Code   RO         3759    .ARM.Collect$$rtentry$$00000000  c_w.l(__rtentry.o)
    0x08000222   0x08000222   0x00000000   Code   RO         3783    .ARM.Collect$$rtentry$$00000002  c_w.l(__rtentry2.o)
    0x08000222   0x08000222   0x00000006   Code   RO         3795    .ARM.Collect$$rtentry$$00000004  c_w.l(__rtentry4.o)
    0x08000228   0x08000228   0x00000000   Code   RO         3785    .ARM.Collect$$rtentry$$00000009  c_w.l(__rtentry2.o)
    0x08000228   0x08000228   0x00000004   Code   RO         3786    .ARM.Collect$$rtentry$$0000000A  c_w.l(__rtentry2.o)
    0x0800022c   0x0800022c   0x00000000   Code   RO         3788    .ARM.Collect$$rtentry$$0000000C  c_w.l(__rtentry2.o)
    0x0800022c   0x0800022c   0x00000008   Code   RO         3789    .ARM.Collect$$rtentry$$0000000D  c_w.l(__rtentry2.o)
    0x08000234   0x08000234   0x00000002   Code   RO         3906    .ARM.Collect$$rtexit$$00000000  c_w.l(rtexit.o)
    0x08000236   0x08000236   0x00000000   Code   RO         3921    .ARM.Collect$$rtexit$$00000002  c_w.l(rtexit2.o)
    0x08000236   0x08000236   0x00000004   Code   RO         3922    .ARM.Collect$$rtexit$$00000003  c_w.l(rtexit2.o)
    0x0800023a   0x0800023a   0x00000006   Code   RO         3923    .ARM.Collect$$rtexit$$00000004  c_w.l(rtexit2.o)
    0x08000240   0x08000240   0x000000be   Code   RO         3620    .emb_text           port.o
    0x080002fe   0x080002fe   0x00000002   PAD
    0x08000300   0x08000300   0x00000040   Code   RO            4    .text               startup_stm32f407xx.o
    0x08000340   0x08000340   0x000000ee   Code   RO         3699    .text               c_w.l(lludivv7m.o)
    0x0800042e   0x0800042e   0x00000002   PAD
    0x08000430   0x08000430   0x00000028   Code   RO         3703    .text               c_w.l(noretval__2sprintf.o)
    0x08000458   0x08000458   0x0000010e   Code   RO         3715    .text               c_w.l(__printf_wp.o)
    0x08000566   0x08000566   0x00000064   Code   RO         3731    .text               c_w.l(rt_memcpy_w.o)
    0x080005ca   0x080005ca   0x0000004e   Code   RO         3735    .text               c_w.l(rt_memclr_w.o)
    0x08000618   0x08000618   0x00000006   Code   RO         3737    .text               c_w.l(heapauxi.o)
    0x0800061e   0x0800061e   0x0000041e   Code   RO         3764    .text               c_w.l(_printf_fp_dec.o)
    0x08000a3c   0x08000a3c   0x00000030   Code   RO         3766    .text               c_w.l(_printf_char_common.o)
    0x08000a6c   0x08000a6c   0x0000000a   Code   RO         3768    .text               c_w.l(_sputc.o)
    0x08000a76   0x08000a76   0x00000002   PAD
    0x08000a78   0x08000a78   0x00000008   Code   RO         3802    .text               c_w.l(rt_locale_intlibspace.o)
    0x08000a80   0x08000a80   0x0000008a   Code   RO         3804    .text               c_w.l(lludiv10.o)
    0x08000b0a   0x08000b0a   0x00000002   PAD
    0x08000b0c   0x08000b0c   0x00000080   Code   RO         3806    .text               c_w.l(_printf_fp_infnan.o)
    0x08000b8c   0x08000b8c   0x000000e4   Code   RO         3810    .text               c_w.l(bigflt0.o)
    0x08000c70   0x08000c70   0x00000008   Code   RO         3842    .text               c_w.l(libspace.o)
    0x08000c78   0x08000c78   0x0000004a   Code   RO         3845    .text               c_w.l(sys_stackheap_outer.o)
    0x08000cc2   0x08000cc2   0x00000012   Code   RO         3847    .text               c_w.l(exit.o)
    0x08000cd4   0x08000cd4   0x00000080   Code   RO         3853    .text               c_w.l(strcmpv7m.o)
    0x08000d54   0x08000d54   0x0000000c   Code   RO         3918    .text               c_w.l(sys_exit.o)
    0x08000d60   0x08000d60   0x00000002   Code   RO         3939    .text               c_w.l(use_no_semi.o)
    0x08000d62   0x08000d62   0x00000000   Code   RO         3941    .text               c_w.l(indicate_semi.o)
    0x08000d62   0x08000d62   0x0000003e   Code   RO         3813    CL$$btod_d2e        c_w.l(btod.o)
    0x08000da0   0x08000da0   0x00000046   Code   RO         3815    CL$$btod_d2e_denorm_low  c_w.l(btod.o)
    0x08000de6   0x08000de6   0x00000060   Code   RO         3814    CL$$btod_d2e_norm_op1  c_w.l(btod.o)
    0x08000e46   0x08000e46   0x00000338   Code   RO         3823    CL$$btod_div_common  c_w.l(btod.o)
    0x0800117e   0x0800117e   0x000000dc   Code   RO         3820    CL$$btod_e2e        c_w.l(btod.o)
    0x0800125a   0x0800125a   0x0000002a   Code   RO         3817    CL$$btod_ediv       c_w.l(btod.o)
    0x08001284   0x08001284   0x0000002a   Code   RO         3816    CL$$btod_emul       c_w.l(btod.o)
    0x080012ae   0x080012ae   0x00000244   Code   RO         3822    CL$$btod_mult_common  c_w.l(btod.o)
    0x080014f2   0x080014f2   0x00000002   PAD
    0x080014f4   0x080014f4   0x00000128   Code   RO          472    i.ADC_Init          stm32f4xx_hal_adc.o
    0x0800161c   0x0800161c   0x00000002   Code   RO          275    i.BusFault_Handler  stm32f4xx_it.o
    0x0800161e   0x0800161e   0x000000a2   Code   RO          391    i.CLCD_I2C_Init     clcd_i2c.o
    0x080016c0   0x080016c0   0x00000044   Code   RO          393    i.CLCD_I2C_SetCursor  clcd_i2c.o
    0x08001704   0x08001704   0x00000006   Code   RO          394    i.CLCD_I2C_WriteChar  clcd_i2c.o
    0x0800170a   0x0800170a   0x00000018   Code   RO          395    i.CLCD_I2C_WriteString  clcd_i2c.o
    0x08001722   0x08001722   0x0000006a   Code   RO          396    i.CLCD_WriteI2C     clcd_i2c.o
    0x0800178c   0x0800178c   0x00000002   Code   RO          276    i.DebugMon_Handler  stm32f4xx_it.o
    0x0800178e   0x0800178e   0x00000002   PAD
    0x08001790   0x08001790   0x0000014c   Code   RO          474    i.HAL_ADC_ConfigChannel  stm32f4xx_hal_adc.o
    0x080018dc   0x080018dc   0x00000006   Code   RO          481    i.HAL_ADC_GetValue  stm32f4xx_hal_adc.o
    0x080018e2   0x080018e2   0x00000054   Code   RO          483    i.HAL_ADC_Init      stm32f4xx_hal_adc.o
    0x08001936   0x08001936   0x00000002   PAD
    0x08001938   0x08001938   0x00000060   Code   RO          339    i.HAL_ADC_MspInit   stm32f4xx_hal_msp.o
    0x08001998   0x08001998   0x000000aa   Code   RO          487    i.HAL_ADC_PollForConversion  stm32f4xx_hal_adc.o
    0x08001a42   0x08001a42   0x00000002   PAD
    0x08001a44   0x08001a44   0x000000fc   Code   RO          489    i.HAL_ADC_Start     stm32f4xx_hal_adc.o
    0x08001b40   0x08001b40   0x00000024   Code   RO         1628    i.HAL_Delay         stm32f4xx_hal.o
    0x08001b64   0x08001b64   0x000001f0   Code   RO         1102    i.HAL_GPIO_Init     stm32f4xx_hal_gpio.o
    0x08001d54   0x08001d54   0x0000000a   Code   RO         1106    i.HAL_GPIO_WritePin  stm32f4xx_hal_gpio.o
    0x08001d5e   0x08001d5e   0x00000002   PAD
    0x08001d60   0x08001d60   0x0000000c   Code   RO         1634    i.HAL_GetTick       stm32f4xx_hal.o
    0x08001d6c   0x08001d6c   0x00000188   Code   RO         1890    i.HAL_I2C_Init      stm32f4xx_hal_i2c.o
    0x08001ef4   0x08001ef4   0x0000012c   Code   RO         1903    i.HAL_I2C_Master_Transmit  stm32f4xx_hal_i2c.o
    0x08002020   0x08002020   0x00000068   Code   RO          341    i.HAL_I2C_MspInit   stm32f4xx_hal_msp.o
    0x08002088   0x08002088   0x00000010   Code   RO         1640    i.HAL_IncTick       stm32f4xx_hal.o
    0x08002098   0x08002098   0x00000034   Code   RO         1641    i.HAL_Init          stm32f4xx_hal.o
    0x080020cc   0x080020cc   0x00000040   Code   RO         1642    i.HAL_InitTick      stm32f4xx_hal.o
    0x0800210c   0x0800210c   0x00000038   Code   RO          342    i.HAL_MspInit       stm32f4xx_hal_msp.o
    0x08002144   0x08002144   0x00000040   Code   RO         1497    i.HAL_NVIC_SetPriority  stm32f4xx_hal_cortex.o
    0x08002184   0x08002184   0x00000024   Code   RO         1498    i.HAL_NVIC_SetPriorityGrouping  stm32f4xx_hal_cortex.o
    0x080021a8   0x080021a8   0x00000134   Code   RO          748    i.HAL_RCC_ClockConfig  stm32f4xx_hal_rcc.o
    0x080022dc   0x080022dc   0x00000020   Code   RO          755    i.HAL_RCC_GetPCLK1Freq  stm32f4xx_hal_rcc.o
    0x080022fc   0x080022fc   0x00000060   Code   RO          757    i.HAL_RCC_GetSysClockFreq  stm32f4xx_hal_rcc.o
    0x0800235c   0x0800235c   0x0000036c   Code   RO          760    i.HAL_RCC_OscConfig  stm32f4xx_hal_rcc.o
    0x080026c8   0x080026c8   0x00000028   Code   RO         1502    i.HAL_SYSTICK_Config  stm32f4xx_hal_cortex.o
    0x080026f0   0x080026f0   0x00000002   Code   RO          277    i.HardFault_Handler  stm32f4xx_it.o
    0x080026f2   0x080026f2   0x0000002e   Code   RO         1932    i.I2C_IsAcknowledgeFailed  stm32f4xx_hal_i2c.o
    0x08002720   0x08002720   0x0000009c   Code   RO         1936    i.I2C_MasterRequestWrite  stm32f4xx_hal_i2c.o
    0x080027bc   0x080027bc   0x0000004c   Code   RO         1947    i.I2C_WaitOnBTFFlagUntilTimeout  stm32f4xx_hal_i2c.o
    0x08002808   0x08002808   0x00000068   Code   RO         1948    i.I2C_WaitOnFlagUntilTimeout  stm32f4xx_hal_i2c.o
    0x08002870   0x08002870   0x00000096   Code   RO         1949    i.I2C_WaitOnMasterAddressFlagUntilTimeout  stm32f4xx_hal_i2c.o
    0x08002906   0x08002906   0x0000004c   Code   RO         1951    i.I2C_WaitOnTXEFlagUntilTimeout  stm32f4xx_hal_i2c.o
    0x08002952   0x08002952   0x00000002   PAD
    0x08002954   0x08002954   0x00000064   Code   RO           14    i.MX_ADC1_Init      main.o
    0x080029b8   0x080029b8   0x00000080   Code   RO           15    i.MX_GPIO_Init      main.o
    0x08002a38   0x08002a38   0x00000002   Code   RO          278    i.MemManage_Handler  stm32f4xx_it.o
    0x08002a3a   0x08002a3a   0x00000002   Code   RO          279    i.NMI_Handler       stm32f4xx_it.o
    0x08002a3c   0x08002a3c   0x00000008   Code   RO           16    i.StartDefaultTask  main.o
    0x08002a44   0x08002a44   0x00000018   Code   RO          280    i.SysTick_Handler   stm32f4xx_it.o
    0x08002a5c   0x08002a5c   0x00000094   Code   RO           17    i.SystemClock_Config  main.o
    0x08002af0   0x08002af0   0x00000010   Code   RO         2366    i.SystemInit        system_stm32f4xx.o
    0x08002b00   0x08002b00   0x00000002   Code   RO          281    i.UsageFault_Handler  stm32f4xx_it.o
    0x08002b02   0x08002b02   0x00000030   Code   RO         3840    i.__ARM_fpclassify  m_wm.l(fpclassify.o)
    0x08002b32   0x08002b32   0x00000020   Code   RO         1504    i.__NVIC_SetPriority  stm32f4xx_hal_cortex.o
    0x08002b52   0x08002b52   0x0000000e   Code   RO         3717    i._is_digit         c_w.l(__printf_wp.o)
    0x08002b60   0x08002b60   0x000000cc   Code   RO           18    i.main              main.o
    0x08002c2c   0x08002c2c   0x0000000c   Code   RO         3186    i.makeFreeRtosPriority  cmsis_os.o
    0x08002c38   0x08002c38   0x0000000e   Code   RO         3188    i.osDelay           cmsis_os.o
    0x08002c46   0x08002c46   0x0000000a   Code   RO         3191    i.osKernelStart     cmsis_os.o
    0x08002c50   0x08002c50   0x00000054   Code   RO         3225    i.osThreadCreate    cmsis_os.o
    0x08002ca4   0x08002ca4   0x00000070   Code   RO         2868    i.prvAddCurrentTaskToDelayedList  tasks.o
    0x08002d14   0x08002d14   0x000000d0   Code   RO         2869    i.prvAddNewTaskToReadyList  tasks.o
    0x08002de4   0x08002de4   0x00000034   Code   RO         2870    i.prvDeleteTCB      tasks.o
    0x08002e18   0x08002e18   0x0000004c   Code   RO         3553    i.prvHeapInit       heap_4.o
    0x08002e64   0x08002e64   0x00000060   Code   RO         2871    i.prvIdleTask       tasks.o
    0x08002ec4   0x08002ec4   0x00000098   Code   RO         2872    i.prvInitialiseNewTask  tasks.o
    0x08002f5c   0x08002f5c   0x0000004c   Code   RO         3554    i.prvInsertBlockIntoFreeList  heap_4.o
    0x08002fa8   0x08002fa8   0x00000020   Code   RO         2873    i.prvResetNextTaskUnblockTime  tasks.o
    0x08002fc8   0x08002fc8   0x00000028   Code   RO         3621    i.prvTaskExitError  port.o
    0x08002ff0   0x08002ff0   0x000000dc   Code   RO         3555    i.pvPortMalloc      heap_4.o
    0x080030cc   0x080030cc   0x0000002c   Code   RO         3622    i.pxPortInitialiseStack  port.o
    0x080030f8   0x080030f8   0x00000026   Code   RO         2504    i.uxListRemove      list.o
    0x0800311e   0x0800311e   0x00000002   PAD
    0x08003120   0x08003120   0x00000014   Code   RO          241    i.vApplicationGetIdleTaskMemory  freertos.o
    0x08003134   0x08003134   0x00000016   Code   RO         2505    i.vListInitialise   list.o
    0x0800314a   0x0800314a   0x00000006   Code   RO         2506    i.vListInitialiseItem  list.o
    0x08003150   0x08003150   0x00000030   Code   RO         2507    i.vListInsert       list.o
    0x08003180   0x08003180   0x00000018   Code   RO         2508    i.vListInsertEnd    list.o
    0x08003198   0x08003198   0x00000040   Code   RO         3624    i.vPortEnterCritical  port.o
    0x080031d8   0x080031d8   0x00000028   Code   RO         3625    i.vPortExitCritical  port.o
    0x08003200   0x08003200   0x00000064   Code   RO         3556    i.vPortFree         heap_4.o
    0x08003264   0x08003264   0x00000024   Code   RO         3626    i.vPortSetupTimerInterrupt  port.o
    0x08003288   0x08003288   0x0000004c   Code   RO         2882    i.vTaskDelay        tasks.o
    0x080032d4   0x080032d4   0x0000007c   Code   RO           19    i.vTaskPumpControl  main.o
    0x08003350   0x08003350   0x000000c0   Code   RO           20    i.vTaskReadSensor   main.o
    0x08003410   0x08003410   0x0000006c   Code   RO         2895    i.vTaskStartScheduler  tasks.o
    0x0800347c   0x0800347c   0x00000010   Code   RO         2897    i.vTaskSuspendAll   tasks.o
    0x0800348c   0x0800348c   0x0000005c   Code   RO         2898    i.vTaskSwitchContext  tasks.o
    0x080034e8   0x080034e8   0x000000f4   Code   RO         3628    i.xPortStartScheduler  port.o
    0x080035dc   0x080035dc   0x0000002c   Code   RO         3629    i.xPortSysTickHandler  port.o
    0x08003608   0x08003608   0x0000005a   Code   RO         2901    i.xTaskCreate       tasks.o
    0x08003662   0x08003662   0x00000056   Code   RO         2902    i.xTaskCreateStatic  tasks.o
    0x080036b8   0x080036b8   0x0000001c   Code   RO         2906    i.xTaskGetSchedulerState  tasks.o
    0x080036d4   0x080036d4   0x000000cc   Code   RO         2909    i.xTaskIncrementTick  tasks.o
    0x080037a0   0x080037a0   0x000000c4   Code   RO         2915    i.xTaskResumeAll    tasks.o
    0x08003864   0x08003864   0x0000002c   Code   RO         3836    locale$$code        c_w.l(lc_numeric_c.o)
    0x08003890   0x08003890   0x00000062   Code   RO         3741    x$fpl$d2f           fz_wm.l(d2f.o)
    0x080038f2   0x080038f2   0x00000002   PAD
    0x080038f4   0x080038f4   0x00000150   Code   RO         3743    x$fpl$dadd          fz_wm.l(daddsub_clz.o)
    0x08003a44   0x08003a44   0x000002b0   Code   RO         3750    x$fpl$ddiv          fz_wm.l(ddiv.o)
    0x08003cf4   0x08003cf4   0x00000154   Code   RO         3753    x$fpl$dmul          fz_wm.l(dmul.o)
    0x08003e48   0x08003e48   0x0000009c   Code   RO         3773    x$fpl$dnaninf       fz_wm.l(dnaninf.o)
    0x08003ee4   0x08003ee4   0x0000000c   Code   RO         3775    x$fpl$dretinf       fz_wm.l(dretinf.o)
    0x08003ef0   0x08003ef0   0x00000016   Code   RO         3744    x$fpl$drsb          fz_wm.l(daddsub_clz.o)
    0x08003f06   0x08003f06   0x00000002   PAD
    0x08003f08   0x08003f08   0x000001d4   Code   RO         3745    x$fpl$dsub          fz_wm.l(daddsub_clz.o)
    0x080040dc   0x080040dc   0x00000056   Code   RO         3755    x$fpl$f2d           fz_wm.l(f2d.o)
    0x08004132   0x08004132   0x0000008c   Code   RO         3777    x$fpl$fnaninf       fz_wm.l(fnaninf.o)
    0x080041be   0x080041be   0x0000000a   Code   RO         3916    x$fpl$fpinit        fz_wm.l(fpinit.o)
    0x080041c8   0x080041c8   0x0000000a   Code   RO         3779    x$fpl$fretinf       fz_wm.l(fretinf.o)
    0x080041d2   0x080041d2   0x00000004   Code   RO         3757    x$fpl$printf1       fz_wm.l(printf1.o)
    0x080041d6   0x080041d6   0x00000000   Code   RO         3781    x$fpl$usenofp       fz_wm.l(usenofp.o)
    0x080041d6   0x080041d6   0x00000002   PAD
    0x080041d8   0x080041d8   0x0000001c   Data   RO           22    .constdata          main.o
    0x080041f4   0x080041f4   0x00000010   Data   RO         2367    .constdata          system_stm32f4xx.o
    0x08004204   0x08004204   0x00000008   Data   RO         2368    .constdata          system_stm32f4xx.o
    0x0800420c   0x0800420c   0x00000094   Data   RO         3811    .constdata          c_w.l(bigflt0.o)
    0x080042a0   0x080042a0   0x0000000c   Data   RO           23    .conststring        main.o
    0x080042ac   0x080042ac   0x00000020   Data   RO         3985    Region$$Table       anon$$obj.o
    0x080042cc   0x080042cc   0x0000001c   Data   RO         3835    locale$$data        c_w.l(lc_numeric_c.o)


    Execution Region RW_IRAM1 (Exec base: 0x20000000, Load base: 0x080042e8, Size: 0x000046e8, Max: 0x0001c000, ABSOLUTE)

    Exec Addr    Load Addr    Size         Type   Attr      Idx    E Section Name        Object

    0x20000000   0x080042e8   0x0000000c   Data   RW           24    .data               main.o
    0x2000000c   0x080042f4   0x0000000c   Data   RW         1648    .data               stm32f4xx_hal.o
    0x20000018   0x08004300   0x00000004   Data   RW         2369    .data               system_stm32f4xx.o
    0x2000001c   0x08004304   0x0000003c   Data   RW         2918    .data               tasks.o
    0x20000058   0x08004340   0x00000020   Data   RW         3562    .data               heap_4.o
    0x20000078   0x08004360   0x0000000c   Data   RW         3630    .data               port.o
    0x20000084        -       0x000000bc   Zero   RW           21    .bss                main.o
    0x20000140        -       0x00000254   Zero   RW          242    .bss                freertos.o
    0x20000394        -       0x000000f0   Zero   RW         2917    .bss                tasks.o
    0x20000484        -       0x00003c00   Zero   RW         3561    .bss                heap_4.o
    0x20004084        -       0x00000060   Zero   RW         3843    .bss                c_w.l(libspace.o)
    0x200040e4   0x0800436c   0x00000004   PAD
    0x200040e8        -       0x00000200   Zero   RW            2    HEAP                startup_stm32f407xx.o
    0x200042e8        -       0x00000400   Zero   RW            1    STACK               startup_stm32f407xx.o


    Execution Region RW_IRAM2 (Exec base: 0x2001c000, Load base: 0x0800436c, Size: 0x00000000, Max: 0x00004000, ABSOLUTE)

    **** No section assigned to this execution region ****


==============================================================================

Image component sizes


      Code (inc. data)   RO Data    RW Data    ZI Data      Debug   Object Name

       366          0          0          0          0       3825   clcd_i2c.o
       120          0          0          0          0      23245   cmsis_os.o
         0          0          0          0          0      16868   event_groups.o
        20          4          0          0        596       1220   freertos.o
       472         24          0         32      15360       7379   heap_4.o
       138          0          0          0          0       3510   list.o
       904        188         40         12        188     709083   main.o
       702         72          0         12          0      10940   port.o
        64         26        392          0       1536        840   startup_stm32f407xx.o
       180         28          0         12          0       9369   stm32f4xx_hal.o
      1140         52          0          0          0       5234   stm32f4xx_hal_adc.o
       172         14          0          0          0      33226   stm32f4xx_hal_cortex.o
       506         46          0          0          0       2180   stm32f4xx_hal_gpio.o
      1300         32          0          0          0       9117   stm32f4xx_hal_i2c.o
       256         28          0          0          0       2286   stm32f4xx_hal_msp.o
      1312         60          0          0          0       4617   stm32f4xx_hal_rcc.o
        36          0          0          0          0       3283   stm32f4xx_it.o
         0          0          0          0          0        392   stream_buffer.o
        16          4         24          4          0       1115   system_stm32f4xx.o
      1548        118          0         60        240      20043   tasks.o

    ----------------------------------------------------------------------
      9266        696        488        132      17920     867772   Object Totals
         0          0         32          0          0          0   (incl. Generated)
        14          0          0          0          0          0   (incl. Padding)

    ----------------------------------------------------------------------

      Code (inc. data)   RO Data    RW Data    ZI Data      Debug   Library Member Name

         8          0          0          0          0         68   __main.o
       284          0          0          0          0        156   __printf_wp.o
         0          0          0          0          0          0   __rtentry.o
        12          0          0          0          0          0   __rtentry2.o
         6          0          0          0          0          0   __rtentry4.o
        52          8          0          0          0          0   __scatter.o
        26          0          0          0          0          0   __scatter_copy.o
        28          0          0          0          0          0   __scatter_zi.o
        48          6          0          0          0         96   _printf_char_common.o
         6          0          0          0          0          0   _printf_f.o
      1054          0          0          0          0        216   _printf_fp_dec.o
       128         16          0          0          0         84   _printf_fp_infnan.o
         0          0          0          0          0          0   _printf_percent.o
         4          0          0          0          0          0   _printf_percent_end.o
        10          0          0          0          0         68   _sputc.o
       228          4        148          0          0         96   bigflt0.o
      1936        128          0          0          0        672   btod.o
        18          0          0          0          0         80   exit.o
         6          0          0          0          0        152   heapauxi.o
         0          0          0          0          0          0   indicate_semi.o
        44         10         28          0          0         76   lc_numeric_c.o
         2          0          0          0          0          0   libinit.o
        22          0          0          0          0          0   libinit2.o
         2          0          0          0          0          0   libshutdown.o
         2          0          0          0          0          0   libshutdown2.o
         8          4          0          0         96         68   libspace.o
       138          0          0          0          0         80   lludiv10.o
       238          0          0          0          0        100   lludivv7m.o
        40          6          0          0          0         84   noretval__2sprintf.o
         8          4          0          0          0         68   rt_locale_intlibspace.o
        78          0          0          0          0         80   rt_memclr_w.o
       100          0          0          0          0         80   rt_memcpy_w.o
         2          0          0          0          0          0   rtexit.o
        10          0          0          0          0          0   rtexit2.o
       128          0          0          0          0         68   strcmpv7m.o
        12          4          0          0          0         68   sys_exit.o
        74          0          0          0          0         80   sys_stackheap_outer.o
         2          0          0          0          0         68   use_no_semi.o
        98          4          0          0          0        140   d2f.o
       826         16          0          0          0        492   daddsub_clz.o
       688        140          0          0          0        256   ddiv.o
       340         12          0          0          0        152   dmul.o
       156          4          0          0          0        140   dnaninf.o
        12          0          0          0          0        116   dretinf.o
        86          4          0          0          0        132   f2d.o
       140          4          0          0          0        132   fnaninf.o
        10          0          0          0          0        116   fpinit.o
        10          0          0          0          0        116   fretinf.o
         4          0          0          0          0        116   printf1.o
         0          0          0          0          0          0   usenofp.o
        48          0          0          0          0        124   fpclassify.o

    ----------------------------------------------------------------------
      7198        374        176          0        100       4640   Library Totals
        16          0          0          0          4          0   (incl. Padding)

    ----------------------------------------------------------------------

      Code (inc. data)   RO Data    RW Data    ZI Data      Debug   Library Name

      4764        190        176          0         96       2608   c_w.l
      2370        184          0          0          0       1908   fz_wm.l
        48          0          0          0          0        124   m_wm.l

    ----------------------------------------------------------------------
      7198        374        176          0        100       4640   Library Totals

    ----------------------------------------------------------------------

==============================================================================


      Code (inc. data)   RO Data    RW Data    ZI Data      Debug   

     16464       1070        664        132      18020     861508   Grand Totals
     16464       1070        664        132      18020     861508   ELF Image Totals
     16464       1070        664        132          0          0   ROM Totals

==============================================================================

    Total RO  Size (Code + RO Data)                17128 (  16.73kB)
    Total RW  Size (RW Data + ZI Data)             18152 (  17.73kB)
    Total ROM Size (Code + RO Data + RW Data)      17260 (  16.86kB)

==============================================================================

